Component: ARM Compiler 5.06 update 7 (build 960) Tool: armlink [4d3601]

==============================================================================

Section Cross References

    startup_stm32f103xe.o(RESET) refers to startup_stm32f103xe.o(STACK) for __initial_sp
    startup_stm32f103xe.o(RESET) refers to startup_stm32f103xe.o(.text) for Reset_Handler
    startup_stm32f103xe.o(RESET) refers to stm32f1xx_it.o(i.NMI_Handler) for NMI_Handler
    startup_stm32f103xe.o(RESET) refers to stm32f1xx_it.o(i.HardFault_Handler) for HardFault_Handler
    startup_stm32f103xe.o(RESET) refers to stm32f1xx_it.o(i.MemManage_Handler) for MemManage_Handler
    startup_stm32f103xe.o(RESET) refers to stm32f1xx_it.o(i.BusFault_Handler) for BusFault_Handler
    startup_stm32f103xe.o(RESET) refers to stm32f1xx_it.o(i.UsageFault_Handler) for UsageFault_Handler
    startup_stm32f103xe.o(RESET) refers to stm32f1xx_it.o(i.SVC_Handler) for SVC_Handler
    startup_stm32f103xe.o(RESET) refers to stm32f1xx_it.o(i.DebugMon_Handler) for DebugMon_Handler
    startup_stm32f103xe.o(RESET) refers to stm32f1xx_it.o(i.PendSV_Handler) for PendSV_Handler
    startup_stm32f103xe.o(RESET) refers to stm32f1xx_it.o(i.SysTick_Handler) for SysTick_Handler
    startup_stm32f103xe.o(RESET) refers to stm32f1xx_it.o(i.USART2_IRQHandler) for USART2_IRQHandler
    startup_stm32f103xe.o(.text) refers to system_stm32f1xx.o(i.SystemInit) for SystemInit
    startup_stm32f103xe.o(.text) refers to entry.o(.ARM.Collect$$$$00000000) for __main
    ebyte_callback.o(i.Ebyte_Port_ReceiveCallback) refers to memseta.o(.text) for __aeabi_memclr
    ebyte_callback.o(i.Ebyte_Port_ReceiveCallback) refers to printf3.o(i.__0printf$3) for __2printf
    ebyte_callback.o(i.Ebyte_Port_ReceiveCallback) refers to ebyte_callback.o(.bss) for .bss
    ebyte_callback.o(i.Ebyte_Port_ReceiveCallback) refers to ebyte_callback.o(.data) for .data
    ebyte_callback.o(i.Ebyte_Port_TransmitCallback) refers to printf3.o(i.__0printf$3) for __2printf
    ebyte_callback.o(i.Ebyte_Port_TransmitCallback) refers to ebyte_core.o(.constdata) for Ebyte_RF
    ebyte_core.o(.constdata) refers to ebyte_e220x.o(i.Ebyte_E220x_Init) for Ebyte_E220x_Init
    ebyte_core.o(.constdata) refers to ebyte_e220x.o(i.Ebyte_E220x_SendPayload) for Ebyte_E220x_SendPayload
    ebyte_core.o(.constdata) refers to ebyte_e220x.o(i.Ebyte_E220x_SetSleep) for Ebyte_E220x_SetSleep
    ebyte_core.o(.constdata) refers to ebyte_e220x.o(i.Ebyte_E220x_SetRx) for Ebyte_E220x_SetRx
    ebyte_core.o(.constdata) refers to ebyte_e220x.o(i.Ebyte_E220x_IntOrPollTask) for Ebyte_E220x_IntOrPollTask
    ebyte_core.o(.constdata) refers to ebyte_e220x.o(i.Ebyte_E220x_InterruptTrigger) for Ebyte_E220x_InterruptTrigger
    ebyte_core.o(.constdata) refers to ebyte_e220x.o(i.Ebyte_E220x_GetName) for Ebyte_E220x_GetName
    ebyte_core.o(.constdata) refers to ebyte_e220x.o(i.Ebyte_E220x_GetDriverVersion) for Ebyte_E220x_GetDriverVersion
    ebyte_e220x.o(i.Ebyte_E220x_Calibrate) refers to ebyte_e220x.o(i.Ebyte_E220x_WriteCommand) for Ebyte_E220x_WriteCommand
    ebyte_e220x.o(i.Ebyte_E220x_CalibrateImage) refers to ebyte_e220x.o(i.Ebyte_E220x_WriteCommand) for Ebyte_E220x_WriteCommand
    ebyte_e220x.o(i.Ebyte_E220x_CheckReady) refers to ebyte_e220x.o(i.Ebyte_E220x_Wakeup) for Ebyte_E220x_Wakeup
    ebyte_e220x.o(i.Ebyte_E220x_CheckReady) refers to ebyte_port.o(i.Ebyte_Port_BusyIoRead) for Ebyte_Port_BusyIoRead
    ebyte_e220x.o(i.Ebyte_E220x_CheckReady) refers to ebyte_e220x.o(.data) for .data
    ebyte_e220x.o(i.Ebyte_E220x_ClearDeviceErrors) refers to ebyte_e220x.o(i.Ebyte_E220x_WriteCommand) for Ebyte_E220x_WriteCommand
    ebyte_e220x.o(i.Ebyte_E220x_ClearIrqStatus) refers to ebyte_e220x.o(i.Ebyte_E220x_WriteCommand) for Ebyte_E220x_WriteCommand
    ebyte_e220x.o(i.Ebyte_E220x_GetDeviceErrors) refers to ebyte_e220x.o(i.Ebyte_E220x_ReadCommand) for Ebyte_E220x_ReadCommand
    ebyte_e220x.o(i.Ebyte_E220x_GetFskBandwidthRegValue) refers to ebyte_e220x.o(.constdata) for .constdata
    ebyte_e220x.o(i.Ebyte_E220x_GetFskPacketStatus) refers to ebyte_e220x.o(i.Ebyte_E220x_ReadCommand) for Ebyte_E220x_ReadCommand
    ebyte_e220x.o(i.Ebyte_E220x_GetIrqStatus) refers to ebyte_e220x.o(i.Ebyte_E220x_ReadCommand) for Ebyte_E220x_ReadCommand
    ebyte_e220x.o(i.Ebyte_E220x_GetLoraPacketStatus) refers to ebyte_e220x.o(i.Ebyte_E220x_ReadCommand) for Ebyte_E220x_ReadCommand
    ebyte_e220x.o(i.Ebyte_E220x_GetLoraPacketStatus) refers to ebyte_e220x.o(.data) for .data
    ebyte_e220x.o(i.Ebyte_E220x_GetOperatingMode) refers to ebyte_e220x.o(.data) for .data
    ebyte_e220x.o(i.Ebyte_E220x_GetPacketType) refers to ebyte_e220x.o(.data) for .data
    ebyte_e220x.o(i.Ebyte_E220x_GetPayload) refers to ebyte_e220x.o(i.Ebyte_E220x_GetRxBufferStatus) for Ebyte_E220x_GetRxBufferStatus
    ebyte_e220x.o(i.Ebyte_E220x_GetPayload) refers to ebyte_e220x.o(i.Ebyte_E220x_ReadBuffer) for Ebyte_E220x_ReadBuffer
[...]
    Removing stm32f1xx_hal_pwr.o(i.HAL_PWR_EnableWakeUpPin), (28 bytes).
    Removing stm32f1xx_hal_pwr.o(i.HAL_PWR_EnterSLEEPMode), (32 bytes).
    Removing stm32f1xx_hal_pwr.o(i.HAL_PWR_EnterSTANDBYMode), (32 bytes).
    Removing stm32f1xx_hal_pwr.o(i.HAL_PWR_EnterSTOPMode), (68 bytes).
    Removing stm32f1xx_hal_pwr.o(i.HAL_PWR_PVDCallback), (2 bytes).
    Removing stm32f1xx_hal_pwr.o(i.HAL_PWR_PVD_IRQHandler), (28 bytes).
    Removing stm32f1xx_hal_pwr.o(i.PWR_OverloadWfe), (6 bytes).
    Removing stm32f1xx_hal_flash.o(.rev16_text), (4 bytes).
    Removing stm32f1xx_hal_flash.o(.revsh_text), (4 bytes).
    Removing stm32f1xx_hal_flash.o(.rrx_text), (6 bytes).
    Removing stm32f1xx_hal_flash.o(i.FLASH_Program_HalfWord), (28 bytes).
    Removing stm32f1xx_hal_flash.o(i.FLASH_SetErrorCode), (92 bytes).
    Removing stm32f1xx_hal_flash.o(i.FLASH_WaitForLastOperation), (84 bytes).
    Removing stm32f1xx_hal_flash.o(i.HAL_FLASH_EndOfOperationCallback), (2 bytes).
    Removing stm32f1xx_hal_flash.o(i.HAL_FLASH_GetError), (12 bytes).
    Removing stm32f1xx_hal_flash.o(i.HAL_FLASH_IRQHandler), (264 bytes).
    Removing stm32f1xx_hal_flash.o(i.HAL_FLASH_Lock), (20 bytes).
    Removing stm32f1xx_hal_flash.o(i.HAL_FLASH_OB_Launch), (4 bytes).
    Removing stm32f1xx_hal_flash.o(i.HAL_FLASH_OB_Lock), (20 bytes).
    Removing stm32f1xx_hal_flash.o(i.HAL_FLASH_OB_Unlock), (36 bytes).
    Removing stm32f1xx_hal_flash.o(i.HAL_FLASH_OperationErrorCallback), (2 bytes).
    Removing stm32f1xx_hal_flash.o(i.HAL_FLASH_Program), (128 bytes).
    Removing stm32f1xx_hal_flash.o(i.HAL_FLASH_Program_IT), (80 bytes).
    Removing stm32f1xx_hal_flash.o(i.HAL_FLASH_Unlock), (40 bytes).
    Removing stm32f1xx_hal_flash.o(.bss), (32 bytes).
    Removing stm32f1xx_hal_flash_ex.o(.rev16_text), (4 bytes).
    Removing stm32f1xx_hal_flash_ex.o(.revsh_text), (4 bytes).
    Removing stm32f1xx_hal_flash_ex.o(.rrx_text), (6 bytes).
    Removing stm32f1xx_hal_flash_ex.o(i.FLASH_MassErase), (36 bytes).
    Removing stm32f1xx_hal_flash_ex.o(i.FLASH_OB_DisableWRP), (176 bytes).
    Removing stm32f1xx_hal_flash_ex.o(i.FLASH_OB_EnableWRP), (176 bytes).
    Removing stm32f1xx_hal_flash_ex.o(i.FLASH_OB_GetRDP), (24 bytes).
    Removing stm32f1xx_hal_flash_ex.o(i.FLASH_OB_RDP_LevelConfig), (100 bytes).
    Removing stm32f1xx_hal_flash_ex.o(i.FLASH_PageErase), (36 bytes).
    Removing stm32f1xx_hal_flash_ex.o(i.HAL_FLASHEx_Erase), (168 bytes).
    Removing stm32f1xx_hal_flash_ex.o(i.HAL_FLASHEx_Erase_IT), (72 bytes).
    Removing stm32f1xx_hal_flash_ex.o(i.HAL_FLASHEx_OBErase), (84 bytes).
    Removing stm32f1xx_hal_flash_ex.o(i.HAL_FLASHEx_OBGetConfig), (36 bytes).
    Removing stm32f1xx_hal_flash_ex.o(i.HAL_FLASHEx_OBGetUserData), (32 bytes).
    Removing stm32f1xx_hal_flash_ex.o(i.HAL_FLASHEx_OBProgram), (200 bytes).
    Removing stm32f1xx_hal_exti.o(.rev16_text), (4 bytes).
    Removing stm32f1xx_hal_exti.o(.revsh_text), (4 bytes).
    Removing stm32f1xx_hal_exti.o(.rrx_text), (6 bytes).
    Removing stm32f1xx_hal_exti.o(i.HAL_EXTI_ClearConfigLine), (104 bytes).
    Removing stm32f1xx_hal_exti.o(i.HAL_EXTI_ClearPending), (20 bytes).
    Removing stm32f1xx_hal_exti.o(i.HAL_EXTI_GenerateSWI), (20 bytes).
    Removing stm32f1xx_hal_exti.o(i.HAL_EXTI_GetConfigLine), (140 bytes).
    Removing stm32f1xx_hal_exti.o(i.HAL_EXTI_GetHandle), (12 bytes).
    Removing stm32f1xx_hal_exti.o(i.HAL_EXTI_GetPending), (24 bytes).
    Removing stm32f1xx_hal_exti.o(i.HAL_EXTI_IRQHandler), (36 bytes).
    Removing stm32f1xx_hal_exti.o(i.HAL_EXTI_RegisterCallback), (14 bytes).
    Removing stm32f1xx_hal_exti.o(i.HAL_EXTI_SetConfigLine), (164 bytes).
    Removing stm32f1xx_hal_tim.o(.rev16_text), (4 bytes).
    Removing stm32f1xx_hal_tim.o(.revsh_text), (4 bytes).
    Removing stm32f1xx_hal_tim.o(.rrx_text), (6 bytes).
    Removing stm32f1xx_hal_tim_ex.o(.rev16_text), (4 bytes).
    Removing stm32f1xx_hal_tim_ex.o(.revsh_text), (4 bytes).
    Removing stm32f1xx_hal_tim_ex.o(.rrx_text), (6 bytes).
    Removing stm32f1xx_hal_uart.o(.rev16_text), (4 bytes).
    Removing stm32f1xx_hal_uart.o(.revsh_text), (4 bytes).
    Removing stm32f1xx_hal_uart.o(.rrx_text), (6 bytes).
    Removing stm32f1xx_hal_uart.o(i.HAL_HalfDuplex_EnableReceiver), (50 bytes).
    Removing stm32f1xx_hal_uart.o(i.HAL_HalfDuplex_EnableTransmitter), (50 bytes).
    Removing stm32f1xx_hal_uart.o(i.HAL_HalfDuplex_Init), (110 bytes).
    Removing stm32f1xx_hal_uart.o(i.HAL_LIN_Init), (130 bytes).
    Removing stm32f1xx_hal_uart.o(i.HAL_LIN_SendBreak), (60 bytes).
    Removing stm32f1xx_hal_uart.o(i.HAL_MultiProcessor_EnterMuteMode), (62 bytes).
    Removing stm32f1xx_hal_uart.o(i.HAL_MultiProcessor_ExitMuteMode), (62 bytes).
    Removing stm32f1xx_hal_uart.o(i.HAL_MultiProcessor_Init), (144 bytes).
    Removing stm32f1xx_hal_uart.o(i.HAL_UARTEx_GetRxEventType), (4 bytes).
    Removing stm32f1xx_hal_uart.o(i.HAL_UARTEx_ReceiveToIdle), (240 bytes).
    Removing stm32f1xx_hal_uart.o(i.HAL_UARTEx_ReceiveToIdle_DMA), (74 bytes).
    Removing stm32f1xx_hal_uart.o(i.HAL_UARTEx_RxEventCallback), (2 bytes).
    Removing stm32f1xx_hal_uart.o(i.HAL_UART_Abort), (210 bytes).
    Removing stm32f1xx_hal_uart.o(i.HAL_UART_AbortCpltCallback), (2 bytes).
    Removing stm32f1xx_hal_uart.o(i.HAL_UART_AbortReceive), (148 bytes).
    Removing stm32f1xx_hal_uart.o(i.HAL_UART_AbortReceiveCpltCallback), (2 bytes).
    Removing stm32f1xx_hal_uart.o(i.HAL_UART_AbortReceive_IT), (152 bytes).
    Removing stm32f1xx_hal_uart.o(i.HAL_UART_AbortTransmit), (98 bytes).
    Removing stm32f1xx_hal_uart.o(i.HAL_UART_AbortTransmitCpltCallback), (2 bytes).
    Removing stm32f1xx_hal_uart.o(i.HAL_UART_AbortTransmit_IT), (104 bytes).
    Removing stm32f1xx_hal_uart.o(i.HAL_UART_Abort_IT), (244 bytes).
    Removing stm32f1xx_hal_uart.o(i.HAL_UART_DMAPause), (120 bytes).
    Removing stm32f1xx_hal_uart.o(i.HAL_UART_DMAResume), (114 bytes).
    Removing stm32f1xx_hal_uart.o(i.HAL_UART_DMAStop), (112 bytes).
    Removing stm32f1xx_hal_uart.o(i.HAL_UART_DeInit), (54 bytes).
    Removing stm32f1xx_hal_uart.o(i.HAL_UART_GetError), (4 bytes).
    Removing stm32f1xx_hal_uart.o(i.HAL_UART_GetState), (10 bytes).
    Removing stm32f1xx_hal_uart.o(i.HAL_UART_MspDeInit), (2 bytes).
    Removing stm32f1xx_hal_uart.o(i.HAL_UART_MspInit), (2 bytes).
    Removing stm32f1xx_hal_uart.o(i.HAL_UART_Receive), (176 bytes).
    Removing stm32f1xx_hal_uart.o(i.HAL_UART_Receive_DMA), (28 bytes).
    Removing stm32f1xx_hal_uart.o(i.HAL_UART_Receive_IT), (28 bytes).
    Removing stm32f1xx_hal_uart.o(i.HAL_UART_RxHalfCpltCallback), (2 bytes).
    Removing stm32f1xx_hal_uart.o(i.HAL_UART_Transmit_DMA), (120 bytes).
    Removing stm32f1xx_hal_uart.o(i.HAL_UART_Transmit_IT), (50 bytes).
    Removing stm32f1xx_hal_uart.o(i.HAL_UART_TxHalfCpltCallback), (2 bytes).
    Removing stm32f1xx_hal_uart.o(i.UART_DMAError), (74 bytes).
    Removing stm32f1xx_hal_uart.o(i.UART_DMAReceiveCplt), (134 bytes).
    Removing stm32f1xx_hal_uart.o(i.UART_DMARxAbortCallback), (44 bytes).
    Removing stm32f1xx_hal_uart.o(i.UART_DMARxHalfCplt), (30 bytes).
    Removing stm32f1xx_hal_uart.o(i.UART_DMARxOnlyAbortCallback), (22 bytes).
    Removing stm32f1xx_hal_uart.o(i.UART_DMATransmitCplt), (66 bytes).
    Removing stm32f1xx_hal_uart.o(i.UART_DMATxAbortCallback), (44 bytes).
    Removing stm32f1xx_hal_uart.o(i.UART_DMATxHalfCplt), (10 bytes).
    Removing stm32f1xx_hal_uart.o(i.UART_DMATxOnlyAbortCallback), (20 bytes).
    Removing stm32f1xx_hal_uart.o(i.UART_EndTxTransfer), (28 bytes).
    Removing stm32f1xx_hal_uart.o(i.UART_Start_Receive_DMA), (144 bytes).
    Removing system_stm32f1xx.o(.rev16_text), (4 bytes).
    Removing system_stm32f1xx.o(.revsh_text), (4 bytes).
    Removing system_stm32f1xx.o(.rrx_text), (6 bytes).
    Removing system_stm32f1xx.o(i.SystemCoreClockUpdate), (104 bytes).
    Removing dscalb.o(.text), (46 bytes).
    Removing dadd.o(.text), (334 bytes).
    Removing dmul.o(.text), (228 bytes).
    Removing dfixul.o(.text), (48 bytes).
    Removing cdrcmple.o(.text), (48 bytes).

330 unused section(s) (total 18356 bytes) removed from the image.

==============================================================================

Image Symbol Table

    Local Symbols

    Symbol Name                              Value     Ov Type        Size  Object(Section)

    ../Core/Src/gpio.c                       0x00000000   Number         0  gpio.o ABSOLUTE
    ../Core/Src/main.c                       0x00000000   Number         0  main.o ABSOLUTE
    ../Core/Src/spi.c                        0x00000000   Number         0  spi.o ABSOLUTE
    ../Core/Src/stm32f1xx_hal_msp.c          0x00000000   Number         0  stm32f1xx_hal_msp.o ABSOLUTE
    ../Core/Src/stm32f1xx_it.c               0x00000000   Number         0  stm32f1xx_it.o ABSOLUTE
    ../Core/Src/system_stm32f1xx.c           0x00000000   Number         0  system_stm32f1xx.o ABSOLUTE
    ../Core/Src/usart.c                      0x00000000   Number         0  usart.o ABSOLUTE
    ../Drivers/STM32F1xx_HAL_Driver/Src/stm32f1xx_hal.c 0x00000000   Number         0  stm32f1xx_hal.o ABSOLUTE
    ../Drivers/STM32F1xx_HAL_Driver/Src/stm32f1xx_hal_cortex.c 0x00000000   Number         0  stm32f1xx_hal_cortex.o ABSOLUTE
    ../Drivers/STM32F1xx_HAL_Driver/Src/stm32f1xx_hal_dma.c 0x00000000   Number         0  stm32f1xx_hal_dma.o ABSOLUTE
    ../Drivers/STM32F1xx_HAL_Driver/Src/stm32f1xx_hal_exti.c 0x00000000   Number         0  stm32f1xx_hal_exti.o ABSOLUTE
    ../Drivers/STM32F1xx_HAL_Driver/Src/stm32f1xx_hal_flash.c 0x00000000   Number         0  stm32f1xx_hal_flash.o ABSOLUTE
    ../Drivers/STM32F1xx_HAL_Driver/Src/stm32f1xx_hal_flash_ex.c 0x00000000   Number         0  stm32f1xx_hal_flash_ex.o ABSOLUTE
    ../Drivers/STM32F1xx_HAL_Driver/Src/stm32f1xx_hal_gpio.c 0x00000000   Number         0  stm32f1xx_hal_gpio.o ABSOLUTE
    ../Drivers/STM32F1xx_HAL_Driver/Src/stm32f1xx_hal_gpio_ex.c 0x00000000   Number         0  stm32f1xx_hal_gpio_ex.o ABSOLUTE
    ../Drivers/STM32F1xx_HAL_Driver/Src/stm32f1xx_hal_pwr.c 0x00000000   Number         0  stm32f1xx_hal_pwr.o ABSOLUTE
    ../Drivers/STM32F1xx_HAL_Driver/Src/stm32f1xx_hal_rcc.c 0x00000000   Number         0  stm32f1xx_hal_rcc.o ABSOLUTE
    ../Drivers/STM32F1xx_HAL_Driver/Src/stm32f1xx_hal_rcc_ex.c 0x00000000   Number         0  stm32f1xx_hal_rcc_ex.o ABSOLUTE
    ../Drivers/STM32F1xx_HAL_Driver/Src/stm32f1xx_hal_spi.c 0x00000000   Number         0  stm32f1xx_hal_spi.o ABSOLUTE
    ../Drivers/STM32F1xx_HAL_Driver/Src/stm32f1xx_hal_tim.c 0x00000000   Number         0  stm32f1xx_hal_tim.o ABSOLUTE
    ../Drivers/STM32F1xx_HAL_Driver/Src/stm32f1xx_hal_tim_ex.c 0x00000000   Number         0  stm32f1xx_hal_tim_ex.o ABSOLUTE
    ../Drivers/STM32F1xx_HAL_Driver/Src/stm32f1xx_hal_uart.c 0x00000000   Number         0  stm32f1xx_hal_uart.o ABSOLUTE
    ../clib/microlib/division.c              0x00000000   Number         0  uldiv.o ABSOLUTE
    ../clib/microlib/division.c              0x00000000   Number         0  uidiv.o ABSOLUTE
    ../clib/microlib/init/entry.s            0x00000000   Number         0  entry10a.o ABSOLUTE
    ../clib/microlib/init/entry.s            0x00000000   Number         0  entry8a.o ABSOLUTE
    ../clib/microlib/init/entry.s            0x00000000   Number         0  entry2.o ABSOLUTE
    ../clib/microlib/init/entry.s            0x00000000   Number         0  entry8b.o ABSOLUTE
    ../clib/microlib/init/entry.s            0x00000000   Number         0  entry5.o ABSOLUTE
    ../clib/microlib/init/entry.s            0x00000000   Number         0  entry12b.o ABSOLUTE
    ../clib/microlib/init/entry.s            0x00000000   Number         0  entry9b.o ABSOLUTE
    ../clib/microlib/init/entry.s            0x00000000   Number         0  entry7a.o ABSOLUTE
    ../clib/microlib/init/entry.s            0x00000000   Number         0  entry9a.o ABSOLUTE
    ../clib/microlib/init/entry.s            0x00000000   Number         0  entry.o ABSOLUTE
    ../clib/microlib/init/entry.s            0x00000000   Number         0  entry11b.o ABSOLUTE
    ../clib/microlib/init/entry.s            0x00000000   Number         0  entry7b.o ABSOLUTE
    ../clib/microlib/init/entry.s            0x00000000   Number         0  entry11a.o ABSOLUTE
    ../clib/microlib/init/entry.s            0x00000000   Number         0  entry10b.o ABSOLUTE
    ../clib/microlib/init/entry.s            0x00000000   Number         0  entry12a.o ABSOLUTE
    ../clib/microlib/longlong.c              0x00000000   Number         0  llsshr.o ABSOLUTE
    ../clib/microlib/longlong.c              0x00000000   Number         0  llushr.o ABSOLUTE
    ../clib/microlib/longlong.c              0x00000000   Number         0  llshl.o ABSOLUTE
    ../clib/microlib/printf/printf.c         0x00000000   Number         0  printf2.o ABSOLUTE
    ../clib/microlib/printf/printf.c         0x00000000   Number         0  printf5.o ABSOLUTE
    ../clib/microlib/printf/printf.c         0x00000000   Number         0  printf4.o ABSOLUTE
    ../clib/microlib/printf/printf.c         0x00000000   Number         0  printfb.o ABSOLUTE
    ../clib/microlib/printf/printf.c         0x00000000   Number         0  printf7.o ABSOLUTE
    ../clib/microlib/printf/printf.c         0x00000000   Number         0  printf3.o ABSOLUTE
    ../clib/microlib/printf/printf.c         0x00000000   Number         0  printf0.o ABSOLUTE
    ../clib/microlib/printf/printf.c         0x00000000   Number         0  printfa.o ABSOLUTE
    ../clib/microlib/printf/printf.c         0x00000000   Number         0  printf8.o ABSOLUTE
    ../clib/microlib/printf/printf.c         0x00000000   Number         0  printf6.o ABSOLUTE
    ../clib/microlib/printf/printf.c         0x00000000   Number         0  printf1.o ABSOLUTE
    ../clib/microlib/printf/stubs.s          0x00000000   Number         0  stubs.o ABSOLUTE
    ../clib/microlib/stdio/streams.c         0x00000000   Number         0  stdout.o ABSOLUTE
    ../clib/microlib/string/memcpy.c         0x00000000   Number         0  memcpya.o ABSOLUTE
    ../clib/microlib/string/memcpy.c         0x00000000   Number         0  memcpyb.o ABSOLUTE
    ../clib/microlib/string/memset.c         0x00000000   Number         0  memseta.o ABSOLUTE
    ../clib/microlib/string/strlen.c         0x00000000   Number         0  strlen.o ABSOLUTE
    ../clib/microlib/string/strstr.c         0x00000000   Number         0  strstr.o ABSOLUTE
    ../clib/microlib/stubs.s                 0x00000000   Number         0  iusefp.o ABSOLUTE
    ../fplib/microlib/fpadd.c                0x00000000   Number         0  dadd.o ABSOLUTE
    ../fplib/microlib/fpdiv.c                0x00000000   Number         0  ddiv.o ABSOLUTE
    ../fplib/microlib/fpepilogue.c           0x00000000   Number         0  depilogue.o ABSOLUTE
    ../fplib/microlib/fpfix.c                0x00000000   Number         0  dfixui.o ABSOLUTE
    ../fplib/microlib/fpfix.c                0x00000000   Number         0  dfixul.o ABSOLUTE
    ../fplib/microlib/fpflt.c                0x00000000   Number         0  dfltui.o ABSOLUTE
    ../fplib/microlib/fpmul.c                0x00000000   Number         0  dmul.o ABSOLUTE
    ../fplib/microlib/fpscalb.c              0x00000000   Number         0  dscalb.o ABSOLUTE
    ..\Core\Src\WiFi.c                       0x00000000   Number         0  wifi.o ABSOLUTE
    ..\Core\Src\ebyte_callback.c             0x00000000   Number         0  ebyte_callback.o ABSOLUTE
    ..\Core\Src\ebyte_core.c                 0x00000000   Number         0  ebyte_core.o ABSOLUTE
    ..\Core\Src\ebyte_e220x.c                0x00000000   Number         0  ebyte_e220x.o ABSOLUTE
    ..\Core\Src\ebyte_port.c                 0x00000000   Number         0  ebyte_port.o ABSOLUTE
    ..\Core\Src\gpio.c                       0x00000000   Number         0  gpio.o ABSOLUTE
    ..\Core\Src\main.c                       0x00000000   Number         0  main.o ABSOLUTE
    ..\Core\Src\spi.c                        0x00000000   Number         0  spi.o ABSOLUTE
    ..\Core\Src\stm32f1xx_hal_msp.c          0x00000000   Number         0  stm32f1xx_hal_msp.o ABSOLUTE
    ..\Core\Src\stm32f1xx_it.c               0x00000000   Number         0  stm32f1xx_it.o ABSOLUTE
    ..\Core\Src\system_stm32f1xx.c           0x00000000   Number         0  system_stm32f1xx.o ABSOLUTE
    ..\Core\Src\usart.c                      0x00000000   Number         0  usart.o ABSOLUTE
    ..\Drivers\STM32F1xx_HAL_Driver\Src\stm32f1xx_hal.c 0x00000000   Number         0  stm32f1xx_hal.o ABSOLUTE
    ..\Drivers\STM32F1xx_HAL_Driver\Src\stm32f1xx_hal_cortex.c 0x00000000   Number         0  stm32f1xx_hal_cortex.o ABSOLUTE
    ..\Drivers\STM32F1xx_HAL_Driver\Src\stm32f1xx_hal_dma.c 0x00000000   Number         0  stm32f1xx_hal_dma.o ABSOLUTE
    ..\Drivers\STM32F1xx_HAL_Driver\Src\stm32f1xx_hal_exti.c 0x00000000   Number         0  stm32f1xx_hal_exti.o ABSOLUTE
    ..\Drivers\STM32F1xx_HAL_Driver\Src\stm32f1xx_hal_flash.c 0x00000000   Number         0  stm32f1xx_hal_flash.o ABSOLUTE
    ..\Drivers\STM32F1xx_HAL_Driver\Src\stm32f1xx_hal_flash_ex.c 0x00000000   Number         0  stm32f1xx_hal_flash_ex.o ABSOLUTE
    ..\Drivers\STM32F1xx_HAL_Driver\Src\stm32f1xx_hal_gpio.c 0x00000000   Number         0  stm32f1xx_hal_gpio.o ABSOLUTE
    ..\Drivers\STM32F1xx_HAL_Driver\Src\stm32f1xx_hal_gpio_ex.c 0x00000000   Number         0  stm32f1xx_hal_gpio_ex.o ABSOLUTE
    ..\Drivers\STM32F1xx_HAL_Driver\Src\stm32f1xx_hal_pwr.c 0x00000000   Number         0  stm32f1xx_hal_pwr.o ABSOLUTE
    ..\Drivers\STM32F1xx_HAL_Driver\Src\stm32f1xx_hal_rcc.c 0x00000000   Number         0  stm32f1xx_hal_rcc.o ABSOLUTE
    ..\Drivers\STM32F1xx_HAL_Driver\Src\stm32f1xx_hal_rcc_ex.c 0x00000000   Number         0  stm32f1xx_hal_rcc_ex.o ABSOLUTE
    ..\Drivers\STM32F1xx_HAL_Driver\Src\stm32f1xx_hal_spi.c 0x00000000   Number         0  stm32f1xx_hal_spi.o ABSOLUTE
    ..\Drivers\STM32F1xx_HAL_Driver\Src\stm32f1xx_hal_tim.c 0x00000000   Number         0  stm32f1xx_hal_tim.o ABSOLUTE
    ..\Drivers\STM32F1xx_HAL_Driver\Src\stm32f1xx_hal_tim_ex.c 0x00000000   Number         0  stm32f1xx_hal_tim_ex.o ABSOLUTE
    ..\Drivers\STM32F1xx_HAL_Driver\Src\stm32f1xx_hal_uart.c 0x00000000   Number         0  stm32f1xx_hal_uart.o ABSOLUTE
    ..\\Core\\Src\\WiFi.c                    0x00000000   Number         0  wifi.o ABSOLUTE
    ..\\Core\\Src\\ebyte_callback.c          0x00000000   Number         0  ebyte_callback.o ABSOLUTE
    ..\\Core\\Src\\ebyte_port.c              0x00000000   Number         0  ebyte_port.o ABSOLUTE
    cdrcmple.s                               0x00000000   Number         0  cdrcmple.o ABSOLUTE
    dc.s                                     0x00000000   Number         0  dc.o ABSOLUTE
    handlers.s                               0x00000000   Number         0  handlers.o ABSOLUTE
    init.s                                   0x00000000   Number         0  init.o ABSOLUTE
    startup_stm32f103xe.s                    0x00000000   Number         0  startup_stm32f103xe.o ABSOLUTE
    RESET                                    0x08000000   Section      304  startup_stm32f103xe.o(RESET)
    .ARM.Collect$$$$00000000                 0x08000130   Section        0  entry.o(.ARM.Collect$$$$00000000)
    .ARM.Collect$$$$00000001                 0x08000130   Section        4  entry2.o(.ARM.Collect$$$$00000001)
    .ARM.Collect$$$$00000004                 0x08000134   Section        4  entry5.o(.ARM.Collect$$$$00000004)
    .ARM.Collect$$$$00000008                 0x08000138   Section        0  entry7b.o(.ARM.Collect$$$$00000008)
    .ARM.Collect$$$$0000000A                 0x08000138   Section        0  entry8b.o(.ARM.Collect$$$$0000000A)
    .ARM.Collect$$$$0000000B                 0x08000138   Section        8  entry9a.o(.ARM.Collect$$$$0000000B)
    .ARM.Collect$$$$0000000E                 0x08000140   Section        4  entry12b.o(.ARM.Collect$$$$0000000E)
    .ARM.Collect$$$$0000000F                 0x08000144   Section        0  entry10a.o(.ARM.Collect$$$$0000000F)
    .ARM.Collect$$$$00000011                 0x08000144   Section        0  entry11a.o(.ARM.Collect$$$$00000011)
    .ARM.Collect$$$$00002712                 0x08000144   Section        4  entry2.o(.ARM.Collect$$$$00002712)
    __lit__00000000                          0x08000144   Data           4  entry2.o(.ARM.Collect$$$$00002712)
    .text                                    0x08000148   Section       36  startup_stm32f103xe.o(.text)
    .text                                    0x0800016c   Section        0  llushr.o(.text)
    .text                                    0x0800018c   Section        0  memcpya.o(.text)
    .text                                    0x080001b0   Section        0  memseta.o(.text)
    .text                                    0x080001d4   Section        0  strstr.o(.text)
    .text                                    0x080001f8   Section        0  strlen.o(.text)
    .text                                    0x08000206   Section        0  ddiv.o(.text)
    .text                                    0x080002e4   Section        0  dfltui.o(.text)
    .text                                    0x080002fe   Section        0  dfixui.o(.text)
    .text                                    0x08000330   Section        0  uidiv.o(.text)
    .text                                    0x0800035c   Section        0  iusefp.o(.text)
    .text                                    0x0800035c   Section        0  depilogue.o(.text)
    .text                                    0x08000418   Section       36  init.o(.text)
    .text                                    0x0800043c   Section        0  llshl.o(.text)
    i.BusFault_Handler                       0x0800045a   Section        0  stm32f1xx_it.o(i.BusFault_Handler)
    i.DebugMon_Handler                       0x0800045c   Section        0  stm32f1xx_it.o(i.DebugMon_Handler)
    i.ESP32_HandleResponse                   0x08000460   Section        0  wifi.o(i.ESP32_HandleResponse)
    i.ESP32_Init                             0x0800052c   Section        0  wifi.o(i.ESP32_Init)
    i.ESP32_SendCmd                          0x08000560   Section        0  wifi.o(i.ESP32_SendCmd)
    i.Ebyte_E220x_Calibrate                  0x08000584   Section        0  ebyte_e220x.o(i.Ebyte_E220x_Calibrate)
    i.Ebyte_E220x_CalibrateImage             0x08000594   Section        0  ebyte_e220x.o(i.Ebyte_E220x_CalibrateImage)
    i.Ebyte_E220x_CheckReady                 0x08000608   Section        0  ebyte_e220x.o(i.Ebyte_E220x_CheckReady)
    i.Ebyte_E220x_ClearIrqStatus             0x08000628   Section        0  ebyte_e220x.o(i.Ebyte_E220x_ClearIrqStatus)
    i.Ebyte_E220x_GetDriverVersion           0x08000640   Section        0  ebyte_e220x.o(i.Ebyte_E220x_GetDriverVersion)
    i.Ebyte_E220x_GetIrqStatus               0x08000644   Section        0  ebyte_e220x.o(i.Ebyte_E220x_GetIrqStatus)
    i.Ebyte_E220x_GetLoraPacketStatus        0x08000658   Section        0  ebyte_e220x.o(i.Ebyte_E220x_GetLoraPacketStatus)
    i.Ebyte_E220x_GetName                    0x08000698   Section        0  ebyte_e220x.o(i.Ebyte_E220x_GetName)
    i.Ebyte_E220x_GetPayload                 0x080006a0   Section        0  ebyte_e220x.o(i.Ebyte_E220x_GetPayload)
    i.Ebyte_E220x_GetRxBufferStatus          0x080006ce   Section        0  ebyte_e220x.o(i.Ebyte_E220x_GetRxBufferStatus)
    i.Ebyte_E220x_Init                       0x08000704   Section        0  ebyte_e220x.o(i.Ebyte_E220x_Init)
    i.Ebyte_E220x_IntOrPollTask              0x08000780   Section        0  ebyte_e220x.o(i.Ebyte_E220x_IntOrPollTask)
    i.Ebyte_E220x_InterruptTrigger           0x080007d8   Section        0  ebyte_e220x.o(i.Ebyte_E220x_InterruptTrigger)
    i.Ebyte_E220x_ReadBuffer                 0x080007dc   Section        0  ebyte_e220x.o(i.Ebyte_E220x_ReadBuffer)
    i.Ebyte_E220x_ReadCommand                0x08000826   Section        0  ebyte_e220x.o(i.Ebyte_E220x_ReadCommand)
    i.Ebyte_E220x_ReadRegister               0x08000868   Section        0  ebyte_e220x.o(i.Ebyte_E220x_ReadRegister)
    i.Ebyte_E220x_ReadRegisters              0x08000878   Section        0  ebyte_e220x.o(i.Ebyte_E220x_ReadRegisters)
    i.Ebyte_E220x_Reset                      0x080008c6   Section        0  ebyte_e220x.o(i.Ebyte_E220x_Reset)
    i.Ebyte_E220x_RfIoEnterRxMode            0x080008ea   Section        0  ebyte_e220x.o(i.Ebyte_E220x_RfIoEnterRxMode)
    i.Ebyte_E220x_RfIoEnterTxMode            0x080008fc   Section        0  ebyte_e220x.o(i.Ebyte_E220x_RfIoEnterTxMode)
    i.Ebyte_E220x_SendPayload                0x0800090e   Section        0  ebyte_e220x.o(i.Ebyte_E220x_SendPayload)
    i.Ebyte_E220x_SetBufferBaseAddress       0x08000946   Section        0  ebyte_e220x.o(i.Ebyte_E220x_SetBufferBaseAddress)
    i.Ebyte_E220x_SetDio2AsRfSwitchCtrl      0x0800095c   Section        0  ebyte_e220x.o(i.Ebyte_E220x_SetDio2AsRfSwitchCtrl)
    i.Ebyte_E220x_SetDioIrqParams            0x0800096a   Section        0  ebyte_e220x.o(i.Ebyte_E220x_SetDioIrqParams)
    i.Ebyte_E220x_SetLoraPacketParams        0x080009a0   Section        0  ebyte_e220x.o(i.Ebyte_E220x_SetLoraPacketParams)
    i.Ebyte_E220x_SetLoraSyncWord            0x080009d2   Section        0  ebyte_e220x.o(i.Ebyte_E220x_SetLoraSyncWord)
    i.Ebyte_E220x_SetModulationLoraParams    0x080009ee   Section        0  ebyte_e220x.o(i.Ebyte_E220x_SetModulationLoraParams)
    i.Ebyte_E220x_SetPaConfig                0x08000a14   Section        0  ebyte_e220x.o(i.Ebyte_E220x_SetPaConfig)
    i.Ebyte_E220x_SetPacketType              0x08000a34   Section        0  ebyte_e220x.o(i.Ebyte_E220x_SetPacketType)
    i.Ebyte_E220x_SetPayload                 0x08000a50   Section        0  ebyte_e220x.o(i.Ebyte_E220x_SetPayload)
    i.Ebyte_E220x_SetRegulatorMode           0x08000a5a   Section        0  ebyte_e220x.o(i.Ebyte_E220x_SetRegulatorMode)
    i.Ebyte_E220x_SetRfFrequency             0x08000a68   Section        0  ebyte_e220x.o(i.Ebyte_E220x_SetRfFrequency)
    i.Ebyte_E220x_SetRx                      0x08000acc   Section        0  ebyte_e220x.o(i.Ebyte_E220x_SetRx)
    i.Ebyte_E220x_SetSleep                   0x08000b30   Section        0  ebyte_e220x.o(i.Ebyte_E220x_SetSleep)
    i.Ebyte_E220x_SetStandby                 0x08000b54   Section        0  ebyte_e220x.o(i.Ebyte_E220x_SetStandby)
    i.Ebyte_E220x_SetTx                      0x08000b78   Section        0  ebyte_e220x.o(i.Ebyte_E220x_SetTx)
    i.Ebyte_E220x_SetTxPaParams              0x08000bd8   Section        0  ebyte_e220x.o(i.Ebyte_E220x_SetTxPaParams)
    i.Ebyte_E220x_Wakeup                     0x08000c1c   Section        0  ebyte_e220x.o(i.Ebyte_E220x_Wakeup)
    i.Ebyte_E220x_WriteBuffer                0x08000c44   Section        0  ebyte_e220x.o(i.Ebyte_E220x_WriteBuffer)
    i.Ebyte_E220x_WriteCommand               0x08000c88   Section        0  ebyte_e220x.o(i.Ebyte_E220x_WriteCommand)
    i.Ebyte_E220x_WriteRegister              0x08000ccc   Section        0  ebyte_e220x.o(i.Ebyte_E220x_WriteRegister)
    i.Ebyte_E220x_WriteRegisters             0x08000cd8   Section        0  ebyte_e220x.o(i.Ebyte_E220x_WriteRegisters)
    i.Ebyte_Port_BusyIoRead                  0x08000d20   Section        0  ebyte_port.o(i.Ebyte_Port_BusyIoRead)
    i.Ebyte_Port_DelayMs                     0x08000d2c   Section        0  ebyte_port.o(i.Ebyte_Port_DelayMs)
    i.Ebyte_Port_ReceiveCallback             0x08000d30   Section        0  ebyte_callback.o(i.Ebyte_Port_ReceiveCallback)
    i.Ebyte_Port_RstIoControl                0x08000d94   Section        0  ebyte_port.o(i.Ebyte_Port_RstIoControl)
    i.Ebyte_Port_RxenIoControl               0x08000db0   Section        0  ebyte_port.o(i.Ebyte_Port_RxenIoControl)
    i.Ebyte_Port_SpiCsIoControl              0x08000dc8   Section        0  ebyte_port.o(i.Ebyte_Port_SpiCsIoControl)
    i.Ebyte_Port_SpiTransmitAndReceivce      0x08000de4   Section        0  ebyte_port.o(i.Ebyte_Port_SpiTransmitAndReceivce)
    i.Ebyte_Port_TransmitCallback            0x08000e08   Section        0  ebyte_callback.o(i.Ebyte_Port_TransmitCallback)
    i.Ebyte_Port_TxenIoControl               0x08000e54   Section        0  ebyte_port.o(i.Ebyte_Port_TxenIoControl)
    i.Error_Handler                          0x08000e6c   Section        0  main.o(i.Error_Handler)
    i.HAL_DMA_Abort                          0x08000e70   Section        0  stm32f1xx_hal_dma.o(i.HAL_DMA_Abort)
    i.HAL_DMA_Abort_IT                       0x08000eb8   Section        0  stm32f1xx_hal_dma.o(i.HAL_DMA_Abort_IT)
    i.HAL_Delay                              0x08000fe8   Section        0  stm32f1xx_hal.o(i.HAL_Delay)
    i.HAL_GPIO_Init                          0x0800100c   Section        0  stm32f1xx_hal_gpio.o(i.HAL_GPIO_Init)
    i.HAL_GPIO_ReadPin                       0x08001204   Section        0  stm32f1xx_hal_gpio.o(i.HAL_GPIO_ReadPin)
    i.HAL_GPIO_WritePin                      0x0800120e   Section        0  stm32f1xx_hal_gpio.o(i.HAL_GPIO_WritePin)
    i.HAL_GetTick                            0x08001218   Section        0  stm32f1xx_hal.o(i.HAL_GetTick)
    i.HAL_IncTick                            0x08001224   Section        0  stm32f1xx_hal.o(i.HAL_IncTick)
    i.HAL_Init                               0x08001234   Section        0  stm32f1xx_hal.o(i.HAL_Init)
    i.HAL_InitTick                           0x08001258   Section        0  stm32f1xx_hal.o(i.HAL_InitTick)
    i.HAL_MspInit                            0x08001298   Section        0  stm32f1xx_hal_msp.o(i.HAL_MspInit)
    i.HAL_NVIC_EnableIRQ                     0x080012d4   Section        0  stm32f1xx_hal_cortex.o(i.HAL_NVIC_EnableIRQ)
    i.HAL_NVIC_SetPriority                   0x080012f0   Section        0  stm32f1xx_hal_cortex.o(i.HAL_NVIC_SetPriority)
    i.HAL_NVIC_SetPriorityGrouping           0x08001330   Section        0  stm32f1xx_hal_cortex.o(i.HAL_NVIC_SetPriorityGrouping)
    i.HAL_RCC_ClockConfig                    0x08001354   Section        0  stm32f1xx_hal_rcc.o(i.HAL_RCC_ClockConfig)
    i.HAL_RCC_GetPCLK1Freq                   0x08001480   Section        0  stm32f1xx_hal_rcc.o(i.HAL_RCC_GetPCLK1Freq)
    i.HAL_RCC_GetPCLK2Freq                   0x080014a0   Section        0  stm32f1xx_hal_rcc.o(i.HAL_RCC_GetPCLK2Freq)
    i.HAL_RCC_GetSysClockFreq                0x080014c0   Section        0  stm32f1xx_hal_rcc.o(i.HAL_RCC_GetSysClockFreq)
    i.HAL_RCC_OscConfig                      0x0800150c   Section        0  stm32f1xx_hal_rcc.o(i.HAL_RCC_OscConfig)
    i.HAL_SPI_Init                           0x0800182c   Section        0  stm32f1xx_hal_spi.o(i.HAL_SPI_Init)
    i.HAL_SPI_MspInit                        0x080018e0   Section        0  spi.o(i.HAL_SPI_MspInit)
    i.HAL_SPI_TransmitReceive                0x08001950   Section        0  stm32f1xx_hal_spi.o(i.HAL_SPI_TransmitReceive)
    i.HAL_SYSTICK_Config                     0x08001b40   Section        0  stm32f1xx_hal_cortex.o(i.HAL_SYSTICK_Config)
    i.HAL_UARTEx_ReceiveToIdle_IT            0x08001b68   Section        0  stm32f1xx_hal_uart.o(i.HAL_UARTEx_ReceiveToIdle_IT)
    i.HAL_UARTEx_RxEventCallback             0x08001bb8   Section        0  wifi.o(i.HAL_UARTEx_RxEventCallback)
    i.HAL_UART_ErrorCallback                 0x08001be8   Section        0  stm32f1xx_hal_uart.o(i.HAL_UART_ErrorCallback)
    i.HAL_UART_IRQHandler                    0x08001bec   Section        0  stm32f1xx_hal_uart.o(i.HAL_UART_IRQHandler)
    i.HAL_UART_Init                          0x08001e58   Section        0  stm32f1xx_hal_uart.o(i.HAL_UART_Init)
    i.HAL_UART_MspInit                       0x08001ebc   Section        0  usart.o(i.HAL_UART_MspInit)
    i.HAL_UART_RxCpltCallback                0x08001f88   Section        0  stm32f1xx_hal_uart.o(i.HAL_UART_RxCpltCallback)
    i.HAL_UART_Transmit                      0x08001f8a   Section        0  stm32f1xx_hal_uart.o(i.HAL_UART_Transmit)
    i.HAL_UART_TxCpltCallback                0x0800202a   Section        0  stm32f1xx_hal_uart.o(i.HAL_UART_TxCpltCallback)
    i.HardFault_Handler                      0x0800202c   Section        0  stm32f1xx_it.o(i.HardFault_Handler)
    i.MX_GPIO_Init                           0x08002030   Section        0  gpio.o(i.MX_GPIO_Init)
    i.MX_SPI1_Init                           0x080020ec   Section        0  spi.o(i.MX_SPI1_Init)
    i.MX_USART1_UART_Init                    0x08002134   Section        0  usart.o(i.MX_USART1_UART_Init)
    i.MX_USART2_UART_Init                    0x0800216c   Section        0  usart.o(i.MX_USART2_UART_Init)
    i.MemManage_Handler                      0x080021a4   Section        0  stm32f1xx_it.o(i.MemManage_Handler)
    i.NMI_Handler                            0x080021a6   Section        0  stm32f1xx_it.o(i.NMI_Handler)
    i.PendSV_Handler                         0x080021a8   Section        0  stm32f1xx_it.o(i.PendSV_Handler)
    i.SPI_EndRxTxTransaction                 0x080021aa   Section        0  stm32f1xx_hal_spi.o(i.SPI_EndRxTxTransaction)
    SPI_EndRxTxTransaction                   0x080021ab   Thumb Code    52  stm32f1xx_hal_spi.o(i.SPI_EndRxTxTransaction)
    i.SPI_WaitFlagStateUntilTimeout          0x080021e0   Section        0  stm32f1xx_hal_spi.o(i.SPI_WaitFlagStateUntilTimeout)
    SPI_WaitFlagStateUntilTimeout            0x080021e1   Thumb Code   180  stm32f1xx_hal_spi.o(i.SPI_WaitFlagStateUntilTimeout)
    i.SVC_Handler                            0x08002298   Section        0  stm32f1xx_it.o(i.SVC_Handler)
    i.SysTick_Handler                        0x0800229a   Section        0  stm32f1xx_it.o(i.SysTick_Handler)
    i.SystemClock_Config                     0x0800229e   Section        0  main.o(i.SystemClock_Config)
    i.SystemInit                             0x080022fc   Section        0  system_stm32f1xx.o(i.SystemInit)
    i.UART_DMAAbortOnError                   0x080022fe   Section        0  stm32f1xx_hal_uart.o(i.UART_DMAAbortOnError)
    UART_DMAAbortOnError                     0x080022ff   Thumb Code    16  stm32f1xx_hal_uart.o(i.UART_DMAAbortOnError)
    i.UART_EndRxTransfer                     0x0800230e   Section        0  stm32f1xx_hal_uart.o(i.UART_EndRxTransfer)
    UART_EndRxTransfer                       0x0800230f   Thumb Code    78  stm32f1xx_hal_uart.o(i.UART_EndRxTransfer)
    i.UART_Receive_IT                        0x0800235c   Section        0  stm32f1xx_hal_uart.o(i.UART_Receive_IT)
    UART_Receive_IT                          0x0800235d   Thumb Code   194  stm32f1xx_hal_uart.o(i.UART_Receive_IT)
    i.UART_SetConfig                         0x08002420   Section        0  stm32f1xx_hal_uart.o(i.UART_SetConfig)
    UART_SetConfig                           0x08002421   Thumb Code   178  stm32f1xx_hal_uart.o(i.UART_SetConfig)
    i.UART_Start_Receive_IT                  0x080024d8   Section        0  stm32f1xx_hal_uart.o(i.UART_Start_Receive_IT)
    i.UART_WaitOnFlagUntilTimeout            0x0800250e   Section        0  stm32f1xx_hal_uart.o(i.UART_WaitOnFlagUntilTimeout)
    UART_WaitOnFlagUntilTimeout              0x0800250f   Thumb Code   114  stm32f1xx_hal_uart.o(i.UART_WaitOnFlagUntilTimeout)
    i.USART2_IRQHandler                      0x08002580   Section        0  stm32f1xx_it.o(i.USART2_IRQHandler)
    i.UsageFault_Handler                     0x0800258c   Section        0  stm32f1xx_it.o(i.UsageFault_Handler)
    i.WiFi_SendData                          0x08002590   Section        0  wifi.o(i.WiFi_SendData)
    i.WiFi_TCP_Serve_Init                    0x080025dc   Section        0  wifi.o(i.WiFi_TCP_Serve_Init)
    i.__0printf$3                            0x08002688   Section        0  printf3.o(i.__0printf$3)
    i.__0sprintf$3                           0x080026a8   Section        0  printf3.o(i.__0sprintf$3)
    i.__NVIC_SetPriority                     0x080026d0   Section        0  stm32f1xx_hal_cortex.o(i.__NVIC_SetPriority)
    __NVIC_SetPriority                       0x080026d1   Thumb Code    32  stm32f1xx_hal_cortex.o(i.__NVIC_SetPriority)
    i.__scatterload_copy                     0x080026f0   Section       14  handlers.o(i.__scatterload_copy)
    i.__scatterload_null                     0x080026fe   Section        2  handlers.o(i.__scatterload_null)
    i.__scatterload_zeroinit                 0x08002700   Section       14  handlers.o(i.__scatterload_zeroinit)
    i._printf_core                           0x08002710   Section        0  printf3.o(i._printf_core)
    _printf_core                             0x08002711   Thumb Code   436  printf3.o(i._printf_core)
    i._sputc                                 0x080028c8   Section        0  printf3.o(i._sputc)
    _sputc                                   0x080028c9   Thumb Code    10  printf3.o(i._sputc)
    i.fputc                                  0x080028d4   Section        0  usart.o(i.fputc)
    i.main                                   0x080028ec   Section        0  main.o(i.main)
    .constdata                               0x08002950   Section       32  ebyte_core.o(.constdata)
    .constdata                               0x08002970   Section       18  stm32f1xx_hal_rcc.o(.constdata)
    aPredivFactorTable                       0x08002970   Data           2  stm32f1xx_hal_rcc.o(.constdata)
    aPLLMULFactorTable                       0x08002972   Data          16  stm32f1xx_hal_rcc.o(.constdata)
    .constdata                               0x08002982   Section       16  system_stm32f1xx.o(.constdata)
    .constdata                               0x08002992   Section        8  system_stm32f1xx.o(.constdata)
    .data                                    0x20000000   Section        1  ebyte_callback.o(.data)
    .data                                    0x20000004   Section        8  ebyte_e220x.o(.data)
    OperatingMode                            0x20000004   Data           1  ebyte_e220x.o(.data)
    PacketType                               0x20000005   Data           1  ebyte_e220x.o(.data)
    FrequencyError                           0x20000008   Data           4  ebyte_e220x.o(.data)
    .data                                    0x2000000c   Section        2  wifi.o(.data)
    .data                                    0x20000010   Section       12  stm32f1xx_hal.o(.data)
    .data                                    0x2000001c   Section        4  system_stm32f1xx.o(.data)
    .data                                    0x20000020   Section        4  stdout.o(.data)
    .bss                                     0x20000024   Section      128  ebyte_callback.o(.bss)
    .bss                                     0x200000a4   Section      275  ebyte_e220x.o(.bss)
    PacketStatus                             0x200000a4   Data          20  ebyte_e220x.o(.bss)
    RecvPacketBuffer                         0x200000b8   Data         255  ebyte_e220x.o(.bss)
    .bss                                     0x200001b7   Section      640  wifi.o(.bss)
    .bss                                     0x20000438   Section       88  spi.o(.bss)
    .bss                                     0x20000490   Section      144  usart.o(.bss)
    STACK                                    0x20000520   Section     1024  startup_stm32f103xe.o(STACK)

    Global Symbols

    Symbol Name                              Value     Ov Type        Size  Object(Section)

    BuildAttributes$$THM_ISAv4$P$D$K$B$S$PE$A:L22UL41UL21$X:L11$S22US41US21$IEEE1$IW$USESV6$~STKCKD$USESV7$~SHL$OSPACE$ROPI$EBA8$MICROLIB$REQ8$PRES8$EABIv2 0x00000000   Number         0  anon$$obj.o ABSOLUTE
    __ARM_use_no_argv                        0x00000000   Number         0  main.o ABSOLUTE
    _printf_a                                0x00000000   Number         0  stubs.o ABSOLUTE
    _printf_c                                0x00000000   Number         0  stubs.o ABSOLUTE
    _printf_charcount                        0x00000000   Number         0  stubs.o ABSOLUTE
    _printf_d                                0x00000000   Number         0  stubs.o ABSOLUTE
    _printf_e                                0x00000000   Number         0  stubs.o ABSOLUTE
    _printf_f                                0x00000000   Number         0  stubs.o ABSOLUTE
    _printf_flags                            0x00000000   Number         0  stubs.o ABSOLUTE
    _printf_fp_dec                           0x00000000   Number         0  stubs.o ABSOLUTE
    _printf_fp_hex                           0x00000000   Number         0  stubs.o ABSOLUTE
    _printf_g                                0x00000000   Number         0  stubs.o ABSOLUTE
    _printf_i                                0x00000000   Number         0  stubs.o ABSOLUTE
    _printf_int_dec                          0x00000000   Number         0  stubs.o ABSOLUTE
    _printf_l                                0x00000000   Number         0  stubs.o ABSOLUTE
    _printf_lc                               0x00000000   Number         0  stubs.o ABSOLUTE
    _printf_ll                               0x00000000   Number         0  stubs.o ABSOLUTE
    _printf_lld                              0x00000000   Number         0  stubs.o ABSOLUTE
    _printf_lli                              0x00000000   Number         0  stubs.o ABSOLUTE
    _printf_llo                              0x00000000   Number         0  stubs.o ABSOLUTE
    _printf_llu                              0x00000000   Number         0  stubs.o ABSOLUTE
    _printf_llx                              0x00000000   Number         0  stubs.o ABSOLUTE
    _printf_longlong_dec                     0x00000000   Number         0  stubs.o ABSOLUTE
    _printf_longlong_hex                     0x00000000   Number         0  stubs.o ABSOLUTE
    _printf_longlong_oct                     0x00000000   Number         0  stubs.o ABSOLUTE
    _printf_ls                               0x00000000   Number         0  stubs.o ABSOLUTE
    _printf_mbtowc                           0x00000000   Number         0  stubs.o ABSOLUTE
    _printf_n                                0x00000000   Number         0  stubs.o ABSOLUTE
    _printf_o                                0x00000000   Number         0  stubs.o ABSOLUTE
    _printf_p                                0x00000000   Number         0  stubs.o ABSOLUTE
    _printf_percent                          0x00000000   Number         0  stubs.o ABSOLUTE
    _printf_pre_padding                      0x00000000   Number         0  stubs.o ABSOLUTE
    _printf_return_value                     0x00000000   Number         0  stubs.o ABSOLUTE
    _printf_s                                0x00000000   Number         0  stubs.o ABSOLUTE
    _printf_sizespec                         0x00000000   Number         0  stubs.o ABSOLUTE
    _printf_str                              0x00000000   Number         0  stubs.o ABSOLUTE
    _printf_truncate_signed                  0x00000000   Number         0  stubs.o ABSOLUTE
    _printf_truncate_unsigned                0x00000000   Number         0  stubs.o ABSOLUTE
    _printf_u                                0x00000000   Number         0  stubs.o ABSOLUTE
    _printf_wc                               0x00000000   Number         0  stubs.o ABSOLUTE
    _printf_wctomb                           0x00000000   Number         0  stubs.o ABSOLUTE
    _printf_widthprec                        0x00000000   Number         0  stubs.o ABSOLUTE
    _printf_x                                0x00000000   Number         0  stubs.o ABSOLUTE
    __arm_fini_                               - Undefined Weak Reference
    __cpp_initialize__aeabi_                  - Undefined Weak Reference
    __cxa_finalize                            - Undefined Weak Reference
    __decompress                              - Undefined Weak Reference
    _clock_init                               - Undefined Weak Reference
    _microlib_exit                            - Undefined Weak Reference
    __Vectors_Size                           0x00000130   Number         0  startup_stm32f103xe.o ABSOLUTE
    __Vectors                                0x08000000   Data           4  startup_stm32f103xe.o(RESET)
    __Vectors_End                            0x08000130   Data           0  startup_stm32f103xe.o(RESET)
    __main                                   0x08000131   Thumb Code     0  entry.o(.ARM.Collect$$$$00000000)
    _main_stk                                0x08000131   Thumb Code     0  entry2.o(.ARM.Collect$$$$00000001)
    _main_scatterload                        0x08000135   Thumb Code     0  entry5.o(.ARM.Collect$$$$00000004)
    __main_after_scatterload                 0x08000139   Thumb Code     0  entry5.o(.ARM.Collect$$$$00000004)
    _main_clock                              0x08000139   Thumb Code     0  entry7b.o(.ARM.Collect$$$$00000008)
    _main_cpp_init                           0x08000139   Thumb Code     0  entry8b.o(.ARM.Collect$$$$0000000A)
    _main_init                               0x08000139   Thumb Code     0  entry9a.o(.ARM.Collect$$$$0000000B)
    __rt_lib_shutdown_fini                   0x08000141   Thumb Code     0  entry12b.o(.ARM.Collect$$$$0000000E)
    __rt_final_cpp                           0x08000145   Thumb Code     0  entry10a.o(.ARM.Collect$$$$0000000F)
    __rt_final_exit                          0x08000145   Thumb Code     0  entry11a.o(.ARM.Collect$$$$00000011)
    Reset_Handler                            0x08000149   Thumb Code     8  startup_stm32f103xe.o(.text)
    ADC1_2_IRQHandler                        0x08000163   Thumb Code     0  startup_stm32f103xe.o(.text)
    ADC3_IRQHandler                          0x08000163   Thumb Code     0  startup_stm32f103xe.o(.text)
    CAN1_RX1_IRQHandler                      0x08000163   Thumb Code     0  startup_stm32f103xe.o(.text)
    CAN1_SCE_IRQHandler                      0x08000163   Thumb Code     0  startup_stm32f103xe.o(.text)
    DMA1_Channel1_IRQHandler                 0x08000163   Thumb Code     0  startup_stm32f103xe.o(.text)
    DMA1_Channel2_IRQHandler                 0x08000163   Thumb Code     0  startup_stm32f103xe.o(.text)
    DMA1_Channel3_IRQHandler                 0x08000163   Thumb Code     0  startup_stm32f103xe.o(.text)
    DMA1_Channel4_IRQHandler                 0x08000163   Thumb Code     0  startup_stm32f103xe.o(.text)
    DMA1_Channel5_IRQHandler                 0x08000163   Thumb Code     0  startup_stm32f103xe.o(.text)
    DMA1_Channel6_IRQHandler                 0x08000163   Thumb Code     0  startup_stm32f103xe.o(.text)
    DMA1_Channel7_IRQHandler                 0x08000163   Thumb Code     0  startup_stm32f103xe.o(.text)
    DMA2_Channel1_IRQHandler                 0x08000163   Thumb Code     0  startup_stm32f103xe.o(.text)
    DMA2_Channel2_IRQHandler                 0x08000163   Thumb Code     0  startup_stm32f103xe.o(.text)
    DMA2_Channel3_IRQHandler                 0x08000163   Thumb Code     0  startup_stm32f103xe.o(.text)
    DMA2_Channel4_5_IRQHandler               0x08000163   Thumb Code     0  startup_stm32f103xe.o(.text)
    EXTI0_IRQHandler                         0x08000163   Thumb Code     0  startup_stm32f103xe.o(.text)
    EXTI15_10_IRQHandler                     0x08000163   Thumb Code     0  startup_stm32f103xe.o(.text)
    EXTI1_IRQHandler                         0x08000163   Thumb Code     0  startup_stm32f103xe.o(.text)
    EXTI2_IRQHandler                         0x08000163   Thumb Code     0  startup_stm32f103xe.o(.text)
    EXTI3_IRQHandler                         0x08000163   Thumb Code     0  startup_stm32f103xe.o(.text)
    EXTI4_IRQHandler                         0x08000163   Thumb Code     0  startup_stm32f103xe.o(.text)
    EXTI9_5_IRQHandler                       0x08000163   Thumb Code     0  startup_stm32f103xe.o(.text)
    FLASH_IRQHandler                         0x08000163   Thumb Code     0  startup_stm32f103xe.o(.text)
    FSMC_IRQHandler                          0x08000163   Thumb Code     0  startup_stm32f103xe.o(.text)
    I2C1_ER_IRQHandler                       0x08000163   Thumb Code     0  startup_stm32f103xe.o(.text)
    I2C1_EV_IRQHandler                       0x08000163   Thumb Code     0  startup_stm32f103xe.o(.text)
    I2C2_ER_IRQHandler                       0x08000163   Thumb Code     0  startup_stm32f103xe.o(.text)
    I2C2_EV_IRQHandler                       0x08000163   Thumb Code     0  startup_stm32f103xe.o(.text)
    PVD_IRQHandler                           0x08000163   Thumb Code     0  startup_stm32f103xe.o(.text)
    RCC_IRQHandler                           0x08000163   Thumb Code     0  startup_stm32f103xe.o(.text)
    RTC_Alarm_IRQHandler                     0x08000163   Thumb Code     0  startup_stm32f103xe.o(.text)
    RTC_IRQHandler                           0x08000163   Thumb Code     0  startup_stm32f103xe.o(.text)
    SDIO_IRQHandler                          0x08000163   Thumb Code     0  startup_stm32f103xe.o(.text)
    SPI1_IRQHandler                          0x08000163   Thumb Code     0  startup_stm32f103xe.o(.text)
    SPI2_IRQHandler                          0x08000163   Thumb Code     0  startup_stm32f103xe.o(.text)
    SPI3_IRQHandler                          0x08000163   Thumb Code     0  startup_stm32f103xe.o(.text)
    TAMPER_IRQHandler                        0x08000163   Thumb Code     0  startup_stm32f103xe.o(.text)
    TIM1_BRK_IRQHandler                      0x08000163   Thumb Code     0  startup_stm32f103xe.o(.text)
    TIM1_CC_IRQHandler                       0x08000163   Thumb Code     0  startup_stm32f103xe.o(.text)
    TIM1_TRG_COM_IRQHandler                  0x08000163   Thumb Code     0  startup_stm32f103xe.o(.text)
    TIM1_UP_IRQHandler                       0x08000163   Thumb Code     0  startup_stm32f103xe.o(.text)
    TIM2_IRQHandler                          0x08000163   Thumb Code     0  startup_stm32f103xe.o(.text)
    TIM3_IRQHandler                          0x08000163   Thumb Code     0  startup_stm32f103xe.o(.text)
    TIM4_IRQHandler                          0x08000163   Thumb Code     0  startup_stm32f103xe.o(.text)
    TIM5_IRQHandler                          0x08000163   Thumb Code     0  startup_stm32f103xe.o(.text)
    TIM6_IRQHandler                          0x08000163   Thumb Code     0  startup_stm32f103xe.o(.text)
    TIM7_IRQHandler                          0x08000163   Thumb Code     0  startup_stm32f103xe.o(.text)
    TIM8_BRK_IRQHandler                      0x08000163   Thumb Code     0  startup_stm32f103xe.o(.text)
    TIM8_CC_IRQHandler                       0x08000163   Thumb Code     0  startup_stm32f103xe.o(.text)
    TIM8_TRG_COM_IRQHandler                  0x08000163   Thumb Code     0  startup_stm32f103xe.o(.text)
    TIM8_UP_IRQHandler                       0x08000163   Thumb Code     0  startup_stm32f103xe.o(.text)
    UART4_IRQHandler                         0x08000163   Thumb Code     0  startup_stm32f103xe.o(.text)
    UART5_IRQHandler                         0x08000163   Thumb Code     0  startup_stm32f103xe.o(.text)
    USART1_IRQHandler                        0x08000163   Thumb Code     0  startup_stm32f103xe.o(.text)
    USART3_IRQHandler                        0x08000163   Thumb Code     0  startup_stm32f103xe.o(.text)
    USBWakeUp_IRQHandler                     0x08000163   Thumb Code     0  startup_stm32f103xe.o(.text)
    USB_HP_CAN1_TX_IRQHandler                0x08000163   Thumb Code     0  startup_stm32f103xe.o(.text)
    USB_LP_CAN1_RX0_IRQHandler               0x08000163   Thumb Code     0  startup_stm32f103xe.o(.text)
    WWDG_IRQHandler                          0x08000163   Thumb Code     0  startup_stm32f103xe.o(.text)
    __aeabi_llsr                             0x0800016d   Thumb Code    32  llushr.o(.text)
    _ll_ushift_r                             0x0800016d   Thumb Code     0  llushr.o(.text)
    __aeabi_memcpy                           0x0800018d   Thumb Code    36  memcpya.o(.text)
    __aeabi_memcpy4                          0x0800018d   Thumb Code     0  memcpya.o(.text)
    __aeabi_memcpy8                          0x0800018d   Thumb Code     0  memcpya.o(.text)
    __aeabi_memset                           0x080001b1   Thumb Code    14  memseta.o(.text)
    __aeabi_memset4                          0x080001b1   Thumb Code     0  memseta.o(.text)
    __aeabi_memset8                          0x080001b1   Thumb Code     0  memseta.o(.text)
    __aeabi_memclr                           0x080001bf   Thumb Code     4  memseta.o(.text)
    __aeabi_memclr4                          0x080001bf   Thumb Code     0  memseta.o(.text)
    __aeabi_memclr8                          0x080001bf   Thumb Code     0  memseta.o(.text)
    _memset$wrapper                          0x080001c3   Thumb Code    18  memseta.o(.text)
    strstr                                   0x080001d5   Thumb Code    36  strstr.o(.text)
    strlen                                   0x080001f9   Thumb Code    14  strlen.o(.text)
    __aeabi_ddiv                             0x08000207   Thumb Code   222  ddiv.o(.text)
    __aeabi_ui2d                             0x080002e5   Thumb Code    26  dfltui.o(.text)
    __aeabi_d2uiz                            0x080002ff   Thumb Code    50  dfixui.o(.text)
    __aeabi_uidiv                            0x08000331   Thumb Code     0  uidiv.o(.text)
    __aeabi_uidivmod                         0x08000331   Thumb Code    44  uidiv.o(.text)
    __I$use$fp                               0x0800035d   Thumb Code     0  iusefp.o(.text)
    _double_round                            0x0800035d   Thumb Code    30  depilogue.o(.text)
    _double_epilogue                         0x0800037b   Thumb Code   156  depilogue.o(.text)
    __scatterload                            0x08000419   Thumb Code    28  init.o(.text)
    __scatterload_rt2                        0x08000419   Thumb Code     0  init.o(.text)
    __aeabi_llsl                             0x0800043d   Thumb Code    30  llshl.o(.text)
    _ll_shift_l                              0x0800043d   Thumb Code     0  llshl.o(.text)
    BusFault_Handler                         0x0800045b   Thumb Code     2  stm32f1xx_it.o(i.BusFault_Handler)
    DebugMon_Handler                         0x0800045d   Thumb Code     2  stm32f1xx_it.o(i.DebugMon_Handler)
    ESP32_HandleResponse                     0x08000461   Thumb Code   122  wifi.o(i.ESP32_HandleResponse)
    ESP32_Init                               0x0800052d   Thumb Code    32  wifi.o(i.ESP32_Init)
    ESP32_SendCmd                            0x08000561   Thumb Code    32  wifi.o(i.ESP32_SendCmd)
    Ebyte_E220x_Calibrate                    0x08000585   Thumb Code    14  ebyte_e220x.o(i.Ebyte_E220x_Calibrate)
    Ebyte_E220x_CalibrateImage               0x08000595   Thumb Code    96  ebyte_e220x.o(i.Ebyte_E220x_CalibrateImage)
    Ebyte_E220x_CheckReady                   0x08000609   Thumb Code    26  ebyte_e220x.o(i.Ebyte_E220x_CheckReady)
    Ebyte_E220x_ClearIrqStatus               0x08000629   Thumb Code    24  ebyte_e220x.o(i.Ebyte_E220x_ClearIrqStatus)
    Ebyte_E220x_GetDriverVersion             0x08000641   Thumb Code     4  ebyte_e220x.o(i.Ebyte_E220x_GetDriverVersion)
    Ebyte_E220x_GetIrqStatus                 0x08000645   Thumb Code    20  ebyte_e220x.o(i.Ebyte_E220x_GetIrqStatus)
    Ebyte_E220x_GetLoraPacketStatus          0x08000659   Thumb Code    58  ebyte_e220x.o(i.Ebyte_E220x_GetLoraPacketStatus)
    Ebyte_E220x_GetName                      0x08000699   Thumb Code     4  ebyte_e220x.o(i.Ebyte_E220x_GetName)
    Ebyte_E220x_GetPayload                   0x080006a1   Thumb Code    46  ebyte_e220x.o(i.Ebyte_E220x_GetPayload)
    Ebyte_E220x_GetRxBufferStatus            0x080006cf   Thumb Code    52  ebyte_e220x.o(i.Ebyte_E220x_GetRxBufferStatus)
    Ebyte_E220x_Init                         0x08000705   Thumb Code   116  ebyte_e220x.o(i.Ebyte_E220x_Init)
    Ebyte_E220x_IntOrPollTask                0x08000781   Thumb Code    84  ebyte_e220x.o(i.Ebyte_E220x_IntOrPollTask)
    Ebyte_E220x_InterruptTrigger             0x080007d9   Thumb Code     2  ebyte_e220x.o(i.Ebyte_E220x_InterruptTrigger)
    Ebyte_E220x_ReadBuffer                   0x080007dd   Thumb Code    74  ebyte_e220x.o(i.Ebyte_E220x_ReadBuffer)
    Ebyte_E220x_ReadCommand                  0x08000827   Thumb Code    66  ebyte_e220x.o(i.Ebyte_E220x_ReadCommand)
    Ebyte_E220x_ReadRegister                 0x08000869   Thumb Code    16  ebyte_e220x.o(i.Ebyte_E220x_ReadRegister)
    Ebyte_E220x_ReadRegisters                0x08000879   Thumb Code    78  ebyte_e220x.o(i.Ebyte_E220x_ReadRegisters)
    Ebyte_E220x_Reset                        0x080008c7   Thumb Code    36  ebyte_e220x.o(i.Ebyte_E220x_Reset)
    Ebyte_E220x_RfIoEnterRxMode              0x080008eb   Thumb Code    18  ebyte_e220x.o(i.Ebyte_E220x_RfIoEnterRxMode)
    Ebyte_E220x_RfIoEnterTxMode              0x080008fd   Thumb Code    18  ebyte_e220x.o(i.Ebyte_E220x_RfIoEnterTxMode)
    Ebyte_E220x_SendPayload                  0x0800090f   Thumb Code    56  ebyte_e220x.o(i.Ebyte_E220x_SendPayload)
    Ebyte_E220x_SetBufferBaseAddress         0x08000947   Thumb Code    22  ebyte_e220x.o(i.Ebyte_E220x_SetBufferBaseAddress)
    Ebyte_E220x_SetDio2AsRfSwitchCtrl        0x0800095d   Thumb Code    14  ebyte_e220x.o(i.Ebyte_E220x_SetDio2AsRfSwitchCtrl)
    Ebyte_E220x_SetDioIrqParams              0x0800096b   Thumb Code    54  ebyte_e220x.o(i.Ebyte_E220x_SetDioIrqParams)
    Ebyte_E220x_SetLoraPacketParams          0x080009a1   Thumb Code    50  ebyte_e220x.o(i.Ebyte_E220x_SetLoraPacketParams)
    Ebyte_E220x_SetLoraSyncWord              0x080009d3   Thumb Code    28  ebyte_e220x.o(i.Ebyte_E220x_SetLoraSyncWord)
    Ebyte_E220x_SetModulationLoraParams      0x080009ef   Thumb Code    38  ebyte_e220x.o(i.Ebyte_E220x_SetModulationLoraParams)
    Ebyte_E220x_SetPaConfig                  0x08000a15   Thumb Code    30  ebyte_e220x.o(i.Ebyte_E220x_SetPaConfig)
    Ebyte_E220x_SetPacketType                0x08000a35   Thumb Code    22  ebyte_e220x.o(i.Ebyte_E220x_SetPacketType)
    Ebyte_E220x_SetPayload                   0x08000a51   Thumb Code    10  ebyte_e220x.o(i.Ebyte_E220x_SetPayload)
    Ebyte_E220x_SetRegulatorMode             0x08000a5b   Thumb Code    14  ebyte_e220x.o(i.Ebyte_E220x_SetRegulatorMode)
    Ebyte_E220x_SetRfFrequency               0x08000a69   Thumb Code    94  ebyte_e220x.o(i.Ebyte_E220x_SetRfFrequency)
    Ebyte_E220x_SetRx                        0x08000acd   Thumb Code    96  ebyte_e220x.o(i.Ebyte_E220x_SetRx)
    Ebyte_E220x_SetSleep                     0x08000b31   Thumb Code    32  ebyte_e220x.o(i.Ebyte_E220x_SetSleep)
    Ebyte_E220x_SetStandby                   0x08000b55   Thumb Code    30  ebyte_e220x.o(i.Ebyte_E220x_SetStandby)
    Ebyte_E220x_SetTx                        0x08000b79   Thumb Code    90  ebyte_e220x.o(i.Ebyte_E220x_SetTx)
    Ebyte_E220x_SetTxPaParams                0x08000bd9   Thumb Code    66  ebyte_e220x.o(i.Ebyte_E220x_SetTxPaParams)
    Ebyte_E220x_Wakeup                       0x08000c1d   Thumb Code    38  ebyte_e220x.o(i.Ebyte_E220x_Wakeup)
    Ebyte_E220x_WriteBuffer                  0x08000c45   Thumb Code    66  ebyte_e220x.o(i.Ebyte_E220x_WriteBuffer)
    Ebyte_E220x_WriteCommand                 0x08000c89   Thumb Code    68  ebyte_e220x.o(i.Ebyte_E220x_WriteCommand)
    Ebyte_E220x_WriteRegister                0x08000ccd   Thumb Code    12  ebyte_e220x.o(i.Ebyte_E220x_WriteRegister)
    Ebyte_E220x_WriteRegisters               0x08000cd9   Thumb Code    70  ebyte_e220x.o(i.Ebyte_E220x_WriteRegisters)
    Ebyte_Port_BusyIoRead                    0x08000d21   Thumb Code     8  ebyte_port.o(i.Ebyte_Port_BusyIoRead)
    Ebyte_Port_DelayMs                       0x08000d2d   Thumb Code     4  ebyte_port.o(i.Ebyte_Port_DelayMs)
    Ebyte_Port_ReceiveCallback               0x08000d31   Thumb Code    60  ebyte_callback.o(i.Ebyte_Port_ReceiveCallback)
    Ebyte_Port_RstIoControl                  0x08000d95   Thumb Code    22  ebyte_port.o(i.Ebyte_Port_RstIoControl)
    Ebyte_Port_RxenIoControl                 0x08000db1   Thumb Code    20  ebyte_port.o(i.Ebyte_Port_RxenIoControl)
    Ebyte_Port_SpiCsIoControl                0x08000dc9   Thumb Code    22  ebyte_port.o(i.Ebyte_Port_SpiCsIoControl)
    Ebyte_Port_SpiTransmitAndReceivce        0x08000de5   Thumb Code    32  ebyte_port.o(i.Ebyte_Port_SpiTransmitAndReceivce)
    Ebyte_Port_TransmitCallback              0x08000e09   Thumb Code    40  ebyte_callback.o(i.Ebyte_Port_TransmitCallback)
    Ebyte_Port_TxenIoControl                 0x08000e55   Thumb Code    20  ebyte_port.o(i.Ebyte_Port_TxenIoControl)
    Error_Handler                            0x08000e6d   Thumb Code     4  main.o(i.Error_Handler)
    HAL_DMA_Abort                            0x08000e71   Thumb Code    70  stm32f1xx_hal_dma.o(i.HAL_DMA_Abort)
    HAL_DMA_Abort_IT                         0x08000eb9   Thumb Code   296  stm32f1xx_hal_dma.o(i.HAL_DMA_Abort_IT)
    HAL_Delay                                0x08000fe9   Thumb Code    32  stm32f1xx_hal.o(i.HAL_Delay)
    HAL_GPIO_Init                            0x0800100d   Thumb Code   462  stm32f1xx_hal_gpio.o(i.HAL_GPIO_Init)
    HAL_GPIO_ReadPin                         0x08001205   Thumb Code    10  stm32f1xx_hal_gpio.o(i.HAL_GPIO_ReadPin)
    HAL_GPIO_WritePin                        0x0800120f   Thumb Code    10  stm32f1xx_hal_gpio.o(i.HAL_GPIO_WritePin)
    HAL_GetTick                              0x08001219   Thumb Code     6  stm32f1xx_hal.o(i.HAL_GetTick)
    HAL_IncTick                              0x08001225   Thumb Code    12  stm32f1xx_hal.o(i.HAL_IncTick)
    HAL_Init                                 0x08001235   Thumb Code    32  stm32f1xx_hal.o(i.HAL_Init)
    HAL_InitTick                             0x08001259   Thumb Code    54  stm32f1xx_hal.o(i.HAL_InitTick)
    HAL_MspInit                              0x08001299   Thumb Code    52  stm32f1xx_hal_msp.o(i.HAL_MspInit)
    HAL_NVIC_EnableIRQ                       0x080012d5   Thumb Code    26  stm32f1xx_hal_cortex.o(i.HAL_NVIC_EnableIRQ)
    HAL_NVIC_SetPriority                     0x080012f1   Thumb Code    60  stm32f1xx_hal_cortex.o(i.HAL_NVIC_SetPriority)
    HAL_NVIC_SetPriorityGrouping             0x08001331   Thumb Code    26  stm32f1xx_hal_cortex.o(i.HAL_NVIC_SetPriorityGrouping)
    HAL_RCC_ClockConfig                      0x08001355   Thumb Code   280  stm32f1xx_hal_rcc.o(i.HAL_RCC_ClockConfig)
    HAL_RCC_GetPCLK1Freq                     0x08001481   Thumb Code    20  stm32f1xx_hal_rcc.o(i.HAL_RCC_GetPCLK1Freq)
    HAL_RCC_GetPCLK2Freq                     0x080014a1   Thumb Code    20  stm32f1xx_hal_rcc.o(i.HAL_RCC_GetPCLK2Freq)
    HAL_RCC_GetSysClockFreq                  0x080014c1   Thumb Code    58  stm32f1xx_hal_rcc.o(i.HAL_RCC_GetSysClockFreq)
    HAL_RCC_OscConfig                        0x0800150d   Thumb Code   778  stm32f1xx_hal_rcc.o(i.HAL_RCC_OscConfig)
    HAL_SPI_Init                             0x0800182d   Thumb Code   178  stm32f1xx_hal_spi.o(i.HAL_SPI_Init)
    HAL_SPI_MspInit                          0x080018e1   Thumb Code    98  spi.o(i.HAL_SPI_MspInit)
    HAL_SPI_TransmitReceive                  0x08001951   Thumb Code   496  stm32f1xx_hal_spi.o(i.HAL_SPI_TransmitReceive)
    HAL_SYSTICK_Config                       0x08001b41   Thumb Code    40  stm32f1xx_hal_cortex.o(i.HAL_SYSTICK_Config)
    HAL_UARTEx_ReceiveToIdle_IT              0x08001b69   Thumb Code    78  stm32f1xx_hal_uart.o(i.HAL_UARTEx_ReceiveToIdle_IT)
    HAL_UARTEx_RxEventCallback               0x08001bb9   Thumb Code    30  wifi.o(i.HAL_UARTEx_RxEventCallback)
    HAL_UART_ErrorCallback                   0x08001be9   Thumb Code     2  stm32f1xx_hal_uart.o(i.HAL_UART_ErrorCallback)
    HAL_UART_IRQHandler                      0x08001bed   Thumb Code   616  stm32f1xx_hal_uart.o(i.HAL_UART_IRQHandler)
    HAL_UART_Init                            0x08001e59   Thumb Code   100  stm32f1xx_hal_uart.o(i.HAL_UART_Init)
    HAL_UART_MspInit                         0x08001ebd   Thumb Code   186  usart.o(i.HAL_UART_MspInit)
    HAL_UART_RxCpltCallback                  0x08001f89   Thumb Code     2  stm32f1xx_hal_uart.o(i.HAL_UART_RxCpltCallback)
    HAL_UART_Transmit                        0x08001f8b   Thumb Code   160  stm32f1xx_hal_uart.o(i.HAL_UART_Transmit)
    HAL_UART_TxCpltCallback                  0x0800202b   Thumb Code     2  stm32f1xx_hal_uart.o(i.HAL_UART_TxCpltCallback)
    HardFault_Handler                        0x0800202d   Thumb Code     2  stm32f1xx_it.o(i.HardFault_Handler)
    MX_GPIO_Init                             0x08002031   Thumb Code   174  gpio.o(i.MX_GPIO_Init)
    MX_SPI1_Init                             0x080020ed   Thumb Code    62  spi.o(i.MX_SPI1_Init)
    MX_USART1_UART_Init                      0x08002135   Thumb Code    48  usart.o(i.MX_USART1_UART_Init)
    MX_USART2_UART_Init                      0x0800216d   Thumb Code    48  usart.o(i.MX_USART2_UART_Init)
    MemManage_Handler                        0x080021a5   Thumb Code     2  stm32f1xx_it.o(i.MemManage_Handler)
    NMI_Handler                              0x080021a7   Thumb Code     2  stm32f1xx_it.o(i.NMI_Handler)
    PendSV_Handler                           0x080021a9   Thumb Code     2  stm32f1xx_it.o(i.PendSV_Handler)
    SVC_Handler                              0x08002299   Thumb Code     2  stm32f1xx_it.o(i.SVC_Handler)
    SysTick_Handler                          0x0800229b   Thumb Code     4  stm32f1xx_it.o(i.SysTick_Handler)
    SystemClock_Config                       0x0800229f   Thumb Code    94  main.o(i.SystemClock_Config)
    SystemInit                               0x080022fd   Thumb Code     2  system_stm32f1xx.o(i.SystemInit)
    UART_Start_Receive_IT                    0x080024d9   Thumb Code    54  stm32f1xx_hal_uart.o(i.UART_Start_Receive_IT)
    USART2_IRQHandler                        0x08002581   Thumb Code     6  stm32f1xx_it.o(i.USART2_IRQHandler)
    UsageFault_Handler                       0x0800258d   Thumb Code     2  stm32f1xx_it.o(i.UsageFault_Handler)
    WiFi_SendData                            0x08002591   Thumb Code    50  wifi.o(i.WiFi_SendData)
    WiFi_TCP_Serve_Init                      0x080025dd   Thumb Code    44  wifi.o(i.WiFi_TCP_Serve_Init)
    __0printf$3                              0x08002689   Thumb Code    22  printf3.o(i.__0printf$3)
    __1printf$3                              0x08002689   Thumb Code     0  printf3.o(i.__0printf$3)
    __2printf                                0x08002689   Thumb Code     0  printf3.o(i.__0printf$3)
    __0sprintf$3                             0x080026a9   Thumb Code    34  printf3.o(i.__0sprintf$3)
    __1sprintf$3                             0x080026a9   Thumb Code     0  printf3.o(i.__0sprintf$3)
    __2sprintf                               0x080026a9   Thumb Code     0  printf3.o(i.__0sprintf$3)
    __scatterload_copy                       0x080026f1   Thumb Code    14  handlers.o(i.__scatterload_copy)
    __scatterload_null                       0x080026ff   Thumb Code     2  handlers.o(i.__scatterload_null)
    __scatterload_zeroinit                   0x08002701   Thumb Code    14  handlers.o(i.__scatterload_zeroinit)
    fputc                                    0x080028d5   Thumb Code    20  usart.o(i.fputc)
    main                                     0x080028ed   Thumb Code    70  main.o(i.main)
    Ebyte_RF                                 0x08002950   Data          32  ebyte_core.o(.constdata)
    AHBPrescTable                            0x08002982   Data          16  system_stm32f1xx.o(.constdata)
    APBPrescTable                            0x08002992   Data           8  system_stm32f1xx.o(.constdata)
    Region$$Table$$Base                      0x0800299c   Number         0  anon$$obj.o(Region$$Table)
    Region$$Table$$Limit                     0x080029bc   Number         0  anon$$obj.o(Region$$Table)
    loralen                                  0x20000000   Data           1  ebyte_callback.o(.data)
    size                                     0x2000000c   Data           1  wifi.o(.data)
    ResponseSize                             0x2000000d   Data           1  wifi.o(.data)
    uwTickFreq                               0x20000010   Data           1  stm32f1xx_hal.o(.data)
    uwTickPrio                               0x20000014   Data           4  stm32f1xx_hal.o(.data)
    uwTick                                   0x20000018   Data           4  stm32f1xx_hal.o(.data)
    SystemCoreClock                          0x2000001c   Data           4  system_stm32f1xx.o(.data)
    __stdout                                 0x20000020   Data           4  stdout.o(.data)
    loradata                                 0x20000024   Data         128  ebyte_callback.o(.bss)
    buffer                                   0x200001b7   Data         128  wifi.o(.bss)
    ResponseBuffer                           0x20000237   Data         512  wifi.o(.bss)
    hspi1                                    0x20000438   Data          88  spi.o(.bss)
    huart1                                   0x20000490   Data          72  usart.o(.bss)
    huart2                                   0x200004d8   Data          72  usart.o(.bss)
    __initial_sp                             0x20000920   Data           0  startup_stm32f103xe.o(STACK)



==============================================================================

Memory Map of the image

  Image Entry point : 0x08000131

  Load Region LR_IROM1 (Base: 0x08000000, Size: 0x000029e0, Max: 0x00080000, ABSOLUTE)

    Execution Region ER_IROM1 (Exec base: 0x08000000, Load base: 0x08000000, Size: 0x000029bc, Max: 0x00080000, ABSOLUTE)

    Exec Addr    Load Addr    Size         Type   Attr      Idx    E Section Name        Object

    0x08000000   0x08000000   0x00000130   Data   RO            3    RESET               startup_stm32f103xe.o
    0x08000130   0x08000130   0x00000000   Code   RO         2764  * .ARM.Collect$$$$00000000  mc_w.l(entry.o)
    0x08000130   0x08000130   0x00000004   Code   RO         3048    .ARM.Collect$$$$00000001  mc_w.l(entry2.o)
    0x08000134   0x08000134   0x00000004   Code   RO         3051    .ARM.Collect$$$$00000004  mc_w.l(entry5.o)
    0x08000138   0x08000138   0x00000000   Code   RO         3053    .ARM.Collect$$$$00000008  mc_w.l(entry7b.o)
    0x08000138   0x08000138   0x00000000   Code   RO         3055    .ARM.Collect$$$$0000000A  mc_w.l(entry8b.o)
    0x08000138   0x08000138   0x00000008   Code   RO         3056    .ARM.Collect$$$$0000000B  mc_w.l(entry9a.o)
    0x08000140   0x08000140   0x00000004   Code   RO         3063    .ARM.Collect$$$$0000000E  mc_w.l(entry12b.o)
    0x08000144   0x08000144   0x00000000   Code   RO         3058    .ARM.Collect$$$$0000000F  mc_w.l(entry10a.o)
    0x08000144   0x08000144   0x00000000   Code   RO         3060    .ARM.Collect$$$$00000011  mc_w.l(entry11a.o)
    0x08000144   0x08000144   0x00000004   Code   RO         3049    .ARM.Collect$$$$00002712  mc_w.l(entry2.o)
    0x08000148   0x08000148   0x00000024   Code   RO            4    .text               startup_stm32f103xe.o
    0x0800016c   0x0800016c   0x00000020   Code   RO         2767    .text               mc_w.l(llushr.o)
    0x0800018c   0x0800018c   0x00000024   Code   RO         2769    .text               mc_w.l(memcpya.o)
    0x080001b0   0x080001b0   0x00000024   Code   RO         2771    .text               mc_w.l(memseta.o)
    0x080001d4   0x080001d4   0x00000024   Code   RO         2773    .text               mc_w.l(strstr.o)
    0x080001f8   0x080001f8   0x0000000e   Code   RO         2775    .text               mc_w.l(strlen.o)
    0x08000206   0x08000206   0x000000de   Code   RO         3040    .text               mf_w.l(ddiv.o)
    0x080002e4   0x080002e4   0x0000001a   Code   RO         3044    .text               mf_w.l(dfltui.o)
    0x080002fe   0x080002fe   0x00000032   Code   RO         3046    .text               mf_w.l(dfixui.o)
    0x08000330   0x08000330   0x0000002c   Code   RO         3065    .text               mc_w.l(uidiv.o)
    0x0800035c   0x0800035c   0x00000000   Code   RO         3069    .text               mc_w.l(iusefp.o)
    0x0800035c   0x0800035c   0x000000ba   Code   RO         3070    .text               mf_w.l(depilogue.o)
    0x08000416   0x08000416   0x00000002   PAD
    0x08000418   0x08000418   0x00000024   Code   RO         3080    .text               mc_w.l(init.o)
    0x0800043c   0x0800043c   0x0000001e   Code   RO         3082    .text               mc_w.l(llshl.o)
    0x0800045a   0x0800045a   0x00000002   Code   RO          889    i.BusFault_Handler  stm32f1xx_it.o
    0x0800045c   0x0800045c   0x00000002   Code   RO          890    i.DebugMon_Handler  stm32f1xx_it.o
    0x0800045e   0x0800045e   0x00000002   PAD
    0x08000460   0x08000460   0x000000cc   Code   RO          653    i.ESP32_HandleResponse  wifi.o
    0x0800052c   0x0800052c   0x00000034   Code   RO          654    i.ESP32_Init        wifi.o
    0x08000560   0x08000560   0x00000024   Code   RO          655    i.ESP32_SendCmd     wifi.o
    0x08000584   0x08000584   0x0000000e   Code   RO          177    i.Ebyte_E220x_Calibrate  ebyte_e220x.o
    0x08000592   0x08000592   0x00000002   PAD
    0x08000594   0x08000594   0x00000074   Code   RO          178    i.Ebyte_E220x_CalibrateImage  ebyte_e220x.o
    0x08000608   0x08000608   0x00000020   Code   RO          179    i.Ebyte_E220x_CheckReady  ebyte_e220x.o
    0x08000628   0x08000628   0x00000018   Code   RO          181    i.Ebyte_E220x_ClearIrqStatus  ebyte_e220x.o
    0x08000640   0x08000640   0x00000004   Code   RO          183    i.Ebyte_E220x_GetDriverVersion  ebyte_e220x.o
    0x08000644   0x08000644   0x00000014   Code   RO          186    i.Ebyte_E220x_GetIrqStatus  ebyte_e220x.o
    0x08000658   0x08000658   0x00000040   Code   RO          187    i.Ebyte_E220x_GetLoraPacketStatus  ebyte_e220x.o
    0x08000698   0x08000698   0x00000008   Code   RO          188    i.Ebyte_E220x_GetName  ebyte_e220x.o
    0x080006a0   0x080006a0   0x0000002e   Code   RO          191    i.Ebyte_E220x_GetPayload  ebyte_e220x.o
    0x080006ce   0x080006ce   0x00000034   Code   RO          194    i.Ebyte_E220x_GetRxBufferStatus  ebyte_e220x.o
    0x08000702   0x08000702   0x00000002   PAD
    0x08000704   0x08000704   0x0000007c   Code   RO          196    i.Ebyte_E220x_Init  ebyte_e220x.o
    0x08000780   0x08000780   0x00000058   Code   RO          197    i.Ebyte_E220x_IntOrPollTask  ebyte_e220x.o
    0x080007d8   0x080007d8   0x00000002   Code   RO          198    i.Ebyte_E220x_InterruptTrigger  ebyte_e220x.o
    0x080007da   0x080007da   0x00000002   PAD
    0x080007dc   0x080007dc   0x0000004a   Code   RO          199    i.Ebyte_E220x_ReadBuffer  ebyte_e220x.o
    0x08000826   0x08000826   0x00000042   Code   RO          200    i.Ebyte_E220x_ReadCommand  ebyte_e220x.o
    0x08000868   0x08000868   0x00000010   Code   RO          201    i.Ebyte_E220x_ReadRegister  ebyte_e220x.o
    0x08000878   0x08000878   0x0000004e   Code   RO          202    i.Ebyte_E220x_ReadRegisters  ebyte_e220x.o
    0x080008c6   0x080008c6   0x00000024   Code   RO          203    i.Ebyte_E220x_Reset  ebyte_e220x.o
    0x080008ea   0x080008ea   0x00000012   Code   RO          204    i.Ebyte_E220x_RfIoEnterRxMode  ebyte_e220x.o
    0x080008fc   0x080008fc   0x00000012   Code   RO          205    i.Ebyte_E220x_RfIoEnterTxMode  ebyte_e220x.o
    0x0800090e   0x0800090e   0x00000038   Code   RO          206    i.Ebyte_E220x_SendPayload  ebyte_e220x.o
    0x08000946   0x08000946   0x00000016   Code   RO          207    i.Ebyte_E220x_SetBufferBaseAddress  ebyte_e220x.o
    0x0800095c   0x0800095c   0x0000000e   Code   RO          212    i.Ebyte_E220x_SetDio2AsRfSwitchCtrl  ebyte_e220x.o
    0x0800096a   0x0800096a   0x00000036   Code   RO          214    i.Ebyte_E220x_SetDioIrqParams  ebyte_e220x.o
    0x080009a0   0x080009a0   0x00000032   Code   RO          219    i.Ebyte_E220x_SetLoraPacketParams  ebyte_e220x.o
    0x080009d2   0x080009d2   0x0000001c   Code   RO          220    i.Ebyte_E220x_SetLoraSyncWord  ebyte_e220x.o
    0x080009ee   0x080009ee   0x00000026   Code   RO          222    i.Ebyte_E220x_SetModulationLoraParams  ebyte_e220x.o
    0x08000a14   0x08000a14   0x0000001e   Code   RO          223    i.Ebyte_E220x_SetPaConfig  ebyte_e220x.o
    0x08000a32   0x08000a32   0x00000002   PAD
    0x08000a34   0x08000a34   0x0000001c   Code   RO          224    i.Ebyte_E220x_SetPacketType  ebyte_e220x.o
    0x08000a50   0x08000a50   0x0000000a   Code   RO          225    i.Ebyte_E220x_SetPayload  ebyte_e220x.o
    0x08000a5a   0x08000a5a   0x0000000e   Code   RO          226    i.Ebyte_E220x_SetRegulatorMode  ebyte_e220x.o
    0x08000a68   0x08000a68   0x00000064   Code   RO          227    i.Ebyte_E220x_SetRfFrequency  ebyte_e220x.o
    0x08000acc   0x08000acc   0x00000064   Code   RO          228    i.Ebyte_E220x_SetRx  ebyte_e220x.o
    0x08000b30   0x08000b30   0x00000024   Code   RO          232    i.Ebyte_E220x_SetSleep  ebyte_e220x.o
    0x08000b54   0x08000b54   0x00000024   Code   RO          233    i.Ebyte_E220x_SetStandby  ebyte_e220x.o
    0x08000b78   0x08000b78   0x00000060   Code   RO          235    i.Ebyte_E220x_SetTx  ebyte_e220x.o
    0x08000bd8   0x08000bd8   0x00000042   Code   RO          238    i.Ebyte_E220x_SetTxPaParams  ebyte_e220x.o
    0x08000c1a   0x08000c1a   0x00000002   PAD
    0x08000c1c   0x08000c1c   0x00000026   Code   RO          241    i.Ebyte_E220x_Wakeup  ebyte_e220x.o
    0x08000c42   0x08000c42   0x00000002   PAD
    0x08000c44   0x08000c44   0x00000042   Code   RO          242    i.Ebyte_E220x_WriteBuffer  ebyte_e220x.o
    0x08000c86   0x08000c86   0x00000002   PAD
    0x08000c88   0x08000c88   0x00000044   Code   RO          243    i.Ebyte_E220x_WriteCommand  ebyte_e220x.o
    0x08000ccc   0x08000ccc   0x0000000c   Code   RO          244    i.Ebyte_E220x_WriteRegister  ebyte_e220x.o
    0x08000cd8   0x08000cd8   0x00000046   Code   RO          245    i.Ebyte_E220x_WriteRegisters  ebyte_e220x.o
    0x08000d1e   0x08000d1e   0x00000002   PAD
    0x08000d20   0x08000d20   0x0000000c   Code   RO          586    i.Ebyte_Port_BusyIoRead  ebyte_port.o
    0x08000d2c   0x08000d2c   0x00000004   Code   RO          587    i.Ebyte_Port_DelayMs  ebyte_port.o
    0x08000d30   0x08000d30   0x00000064   Code   RO           13    i.Ebyte_Port_ReceiveCallback  ebyte_callback.o
    0x08000d94   0x08000d94   0x0000001c   Code   RO          588    i.Ebyte_Port_RstIoControl  ebyte_port.o
    0x08000db0   0x08000db0   0x00000018   Code   RO          589    i.Ebyte_Port_RxenIoControl  ebyte_port.o
    0x08000dc8   0x08000dc8   0x0000001c   Code   RO          590    i.Ebyte_Port_SpiCsIoControl  ebyte_port.o
    0x08000de4   0x08000de4   0x00000024   Code   RO          591    i.Ebyte_Port_SpiTransmitAndReceivce  ebyte_port.o
    0x08000e08   0x08000e08   0x0000004c   Code   RO           14    i.Ebyte_Port_TransmitCallback  ebyte_callback.o
    0x08000e54   0x08000e54   0x00000018   Code   RO          592    i.Ebyte_Port_TxenIoControl  ebyte_port.o
    0x08000e6c   0x08000e6c   0x00000004   Code   RO          726    i.Error_Handler     main.o
    0x08000e70   0x08000e70   0x00000046   Code   RO         1734    i.HAL_DMA_Abort     stm32f1xx_hal_dma.o
    0x08000eb6   0x08000eb6   0x00000002   PAD
    0x08000eb8   0x08000eb8   0x00000130   Code   RO         1735    i.HAL_DMA_Abort_IT  stm32f1xx_hal_dma.o
    0x08000fe8   0x08000fe8   0x00000024   Code   RO         1360    i.HAL_Delay         stm32f1xx_hal.o
    0x0800100c   0x0800100c   0x000001f8   Code   RO         1670    i.HAL_GPIO_Init     stm32f1xx_hal_gpio.o
    0x08001204   0x08001204   0x0000000a   Code   RO         1672    i.HAL_GPIO_ReadPin  stm32f1xx_hal_gpio.o
    0x0800120e   0x0800120e   0x0000000a   Code   RO         1674    i.HAL_GPIO_WritePin  stm32f1xx_hal_gpio.o
    0x08001218   0x08001218   0x0000000c   Code   RO         1364    i.HAL_GetTick       stm32f1xx_hal.o
    0x08001224   0x08001224   0x00000010   Code   RO         1370    i.HAL_IncTick       stm32f1xx_hal.o
    0x08001234   0x08001234   0x00000024   Code   RO         1371    i.HAL_Init          stm32f1xx_hal.o
    0x08001258   0x08001258   0x00000040   Code   RO         1372    i.HAL_InitTick      stm32f1xx_hal.o
    0x08001298   0x08001298   0x0000003c   Code   RO          971    i.HAL_MspInit       stm32f1xx_hal_msp.o
    0x080012d4   0x080012d4   0x0000001a   Code   RO         1830    i.HAL_NVIC_EnableIRQ  stm32f1xx_hal_cortex.o
    0x080012ee   0x080012ee   0x00000002   PAD
    0x080012f0   0x080012f0   0x00000040   Code   RO         1836    i.HAL_NVIC_SetPriority  stm32f1xx_hal_cortex.o
    0x08001330   0x08001330   0x00000024   Code   RO         1837    i.HAL_NVIC_SetPriorityGrouping  stm32f1xx_hal_cortex.o
    0x08001354   0x08001354   0x0000012c   Code   RO         1528    i.HAL_RCC_ClockConfig  stm32f1xx_hal_rcc.o
    0x08001480   0x08001480   0x00000020   Code   RO         1535    i.HAL_RCC_GetPCLK1Freq  stm32f1xx_hal_rcc.o
    0x080014a0   0x080014a0   0x00000020   Code   RO         1536    i.HAL_RCC_GetPCLK2Freq  stm32f1xx_hal_rcc.o
    0x080014c0   0x080014c0   0x0000004c   Code   RO         1537    i.HAL_RCC_GetSysClockFreq  stm32f1xx_hal_rcc.o
    0x0800150c   0x0800150c   0x00000320   Code   RO         1540    i.HAL_RCC_OscConfig  stm32f1xx_hal_rcc.o
    0x0800182c   0x0800182c   0x000000b2   Code   RO         1042    i.HAL_SPI_Init      stm32f1xx_hal_spi.o
    0x080018de   0x080018de   0x00000002   PAD
    0x080018e0   0x080018e0   0x00000070   Code   RO          794    i.HAL_SPI_MspInit   spi.o
    0x08001950   0x08001950   0x000001f0   Code   RO         1051    i.HAL_SPI_TransmitReceive  stm32f1xx_hal_spi.o
    0x08001b40   0x08001b40   0x00000028   Code   RO         1841    i.HAL_SYSTICK_Config  stm32f1xx_hal_cortex.o
    0x08001b68   0x08001b68   0x0000004e   Code   RO         2377    i.HAL_UARTEx_ReceiveToIdle_IT  stm32f1xx_hal_uart.o
    0x08001bb6   0x08001bb6   0x00000002   PAD
    0x08001bb8   0x08001bb8   0x00000030   Code   RO          656    i.HAL_UARTEx_RxEventCallback  wifi.o
    0x08001be8   0x08001be8   0x00000002   Code   RO         2392    i.HAL_UART_ErrorCallback  stm32f1xx_hal_uart.o
    0x08001bea   0x08001bea   0x00000002   PAD
    0x08001bec   0x08001bec   0x0000026c   Code   RO         2395    i.HAL_UART_IRQHandler  stm32f1xx_hal_uart.o
    0x08001e58   0x08001e58   0x00000064   Code   RO         2396    i.HAL_UART_Init     stm32f1xx_hal_uart.o
    0x08001ebc   0x08001ebc   0x000000cc   Code   RO          836    i.HAL_UART_MspInit  usart.o
    0x08001f88   0x08001f88   0x00000002   Code   RO         2402    i.HAL_UART_RxCpltCallback  stm32f1xx_hal_uart.o
    0x08001f8a   0x08001f8a   0x000000a0   Code   RO         2404    i.HAL_UART_Transmit  stm32f1xx_hal_uart.o
    0x0800202a   0x0800202a   0x00000002   Code   RO         2407    i.HAL_UART_TxCpltCallback  stm32f1xx_hal_uart.o
    0x0800202c   0x0800202c   0x00000002   Code   RO          891    i.HardFault_Handler  stm32f1xx_it.o
    0x0800202e   0x0800202e   0x00000002   PAD
    0x08002030   0x08002030   0x000000bc   Code   RO          769    i.MX_GPIO_Init      gpio.o
    0x080020ec   0x080020ec   0x00000048   Code   RO          795    i.MX_SPI1_Init      spi.o
    0x08002134   0x08002134   0x00000038   Code   RO          837    i.MX_USART1_UART_Init  usart.o
    0x0800216c   0x0800216c   0x00000038   Code   RO          838    i.MX_USART2_UART_Init  usart.o
    0x080021a4   0x080021a4   0x00000002   Code   RO          892    i.MemManage_Handler  stm32f1xx_it.o
    0x080021a6   0x080021a6   0x00000002   Code   RO          893    i.NMI_Handler       stm32f1xx_it.o
    0x080021a8   0x080021a8   0x00000002   Code   RO          894    i.PendSV_Handler    stm32f1xx_it.o
    0x080021aa   0x080021aa   0x00000034   Code   RO         1080    i.SPI_EndRxTxTransaction  stm32f1xx_hal_spi.o
    0x080021de   0x080021de   0x00000002   PAD
    0x080021e0   0x080021e0   0x000000b8   Code   RO         1085    i.SPI_WaitFlagStateUntilTimeout  stm32f1xx_hal_spi.o
    0x08002298   0x08002298   0x00000002   Code   RO          895    i.SVC_Handler       stm32f1xx_it.o
    0x0800229a   0x0800229a   0x00000004   Code   RO          896    i.SysTick_Handler   stm32f1xx_it.o
    0x0800229e   0x0800229e   0x0000005e   Code   RO          727    i.SystemClock_Config  main.o
    0x080022fc   0x080022fc   0x00000002   Code   RO         2730    i.SystemInit        system_stm32f1xx.o
    0x080022fe   0x080022fe   0x00000010   Code   RO         2409    i.UART_DMAAbortOnError  stm32f1xx_hal_uart.o
    0x0800230e   0x0800230e   0x0000004e   Code   RO         2419    i.UART_EndRxTransfer  stm32f1xx_hal_uart.o
    0x0800235c   0x0800235c   0x000000c2   Code   RO         2421    i.UART_Receive_IT   stm32f1xx_hal_uart.o
    0x0800241e   0x0800241e   0x00000002   PAD
    0x08002420   0x08002420   0x000000b8   Code   RO         2422    i.UART_SetConfig    stm32f1xx_hal_uart.o
    0x080024d8   0x080024d8   0x00000036   Code   RO         2424    i.UART_Start_Receive_IT  stm32f1xx_hal_uart.o
    0x0800250e   0x0800250e   0x00000072   Code   RO         2425    i.UART_WaitOnFlagUntilTimeout  stm32f1xx_hal_uart.o
    0x08002580   0x08002580   0x0000000c   Code   RO          897    i.USART2_IRQHandler  stm32f1xx_it.o
    0x0800258c   0x0800258c   0x00000002   Code   RO          898    i.UsageFault_Handler  stm32f1xx_it.o
    0x0800258e   0x0800258e   0x00000002   PAD
    0x08002590   0x08002590   0x0000004c   Code   RO          659    i.WiFi_SendData     wifi.o
    0x080025dc   0x080025dc   0x000000ac   Code   RO          660    i.WiFi_TCP_Serve_Init  wifi.o
    0x08002688   0x08002688   0x00000020   Code   RO         2868    i.__0printf$3       mc_w.l(printf3.o)
    0x080026a8   0x080026a8   0x00000028   Code   RO         2870    i.__0sprintf$3      mc_w.l(printf3.o)
    0x080026d0   0x080026d0   0x00000020   Code   RO         1843    i.__NVIC_SetPriority  stm32f1xx_hal_cortex.o
    0x080026f0   0x080026f0   0x0000000e   Code   RO         3088    i.__scatterload_copy  mc_w.l(handlers.o)
    0x080026fe   0x080026fe   0x00000002   Code   RO         3089    i.__scatterload_null  mc_w.l(handlers.o)
    0x08002700   0x08002700   0x0000000e   Code   RO         3090    i.__scatterload_zeroinit  mc_w.l(handlers.o)
    0x0800270e   0x0800270e   0x00000002   PAD
    0x08002710   0x08002710   0x000001b8   Code   RO         2875    i._printf_core      mc_w.l(printf3.o)
    0x080028c8   0x080028c8   0x0000000a   Code   RO         2877    i._sputc            mc_w.l(printf3.o)
    0x080028d2   0x080028d2   0x00000002   PAD
    0x080028d4   0x080028d4   0x00000018   Code   RO          839    i.fputc             usart.o
    0x080028ec   0x080028ec   0x00000064   Code   RO          728    i.main              main.o
    0x08002950   0x08002950   0x00000020   Data   RO          156    .constdata          ebyte_core.o
    0x08002970   0x08002970   0x00000012   Data   RO         1541    .constdata          stm32f1xx_hal_rcc.o
    0x08002982   0x08002982   0x00000010   Data   RO         2731    .constdata          system_stm32f1xx.o
    0x08002992   0x08002992   0x00000008   Data   RO         2732    .constdata          system_stm32f1xx.o
    0x0800299a   0x0800299a   0x00000002   PAD
    0x0800299c   0x0800299c   0x00000020   Data   RO         3086    Region$$Table       anon$$obj.o


    Execution Region RW_IRAM1 (Exec base: 0x20000000, Load base: 0x080029bc, Size: 0x00000920, Max: 0x00010000, ABSOLUTE)

    Exec Addr    Load Addr    Size         Type   Attr      Idx    E Section Name        Object

    0x20000000   0x080029bc   0x00000001   Data   RW           16    .data               ebyte_callback.o
    0x20000001   0x080029bd   0x00000003   PAD
    0x20000004   0x080029c0   0x00000008   Data   RW          249    .data               ebyte_e220x.o
    0x2000000c   0x080029c8   0x00000002   Data   RW          662    .data               wifi.o
    0x2000000e   0x080029ca   0x00000002   PAD
    0x20000010   0x080029cc   0x0000000c   Data   RW         1378    .data               stm32f1xx_hal.o
    0x2000001c   0x080029d8   0x00000004   Data   RW         2733    .data               system_stm32f1xx.o
    0x20000020   0x080029dc   0x00000004   Data   RW         3064    .data               mc_w.l(stdout.o)
    0x20000024        -       0x00000080   Zero   RW           15    .bss                ebyte_callback.o
    0x200000a4        -       0x00000113   Zero   RW          246    .bss                ebyte_e220x.o
    0x200001b7        -       0x00000280   Zero   RW          661    .bss                wifi.o
    0x20000437   0x080029e0   0x00000001   PAD
    0x20000438        -       0x00000058   Zero   RW          796    .bss                spi.o
    0x20000490        -       0x00000090   Zero   RW          840    .bss                usart.o
    0x20000520        -       0x00000400   Zero   RW            1    STACK               startup_stm32f103xe.o


==============================================================================

Image component sizes


      Code (inc. data)   RO Data    RW Data    ZI Data      Debug   Object Name

       176         76          0          1        128     463650   ebyte_callback.o
         0          0         32          0          0       1443   ebyte_core.o
      1932         80          0          8        275      31111   ebyte_e220x.o
       156         28          0          0          0       3345   ebyte_port.o
       188         14          0          0          0        919   gpio.o
       198         30          0          0          0       1925   main.o
       184         24          0          0         88       1545   spi.o
        36          8        304          0       1024        776   startup_stm32f103xe.o
       164         28          0         12          0       6293   stm32f1xx_hal.o
       198         14          0          0          0      28799   stm32f1xx_hal_cortex.o
       374          8          0          0          0       1751   stm32f1xx_hal_dma.o
       524         42          0          0          0       3423   stm32f1xx_hal_gpio.o
        60          8          0          0          0        818   stm32f1xx_hal_msp.o
      1240         84         18          0          0       4948   stm32f1xx_hal_rcc.o
       910          4          0          0          0       4533   stm32f1xx_hal_spi.o
      1604         10          0          0          0      10745   stm32f1xx_hal_uart.o
        32          6          0          0          0       4034   stm32f1xx_it.o
         2          0         24          4          0       1035   system_stm32f1xx.o
       340         38          0          0        144       2687   usart.o
       588        278          0          2        640       3565   wifi.o

    ----------------------------------------------------------------------
      8942        780        412         32       2300     577345   Object Totals
         0          0         32          0          0          0   (incl. Generated)
        36          0          2          5          1          0   (incl. Padding)

    ----------------------------------------------------------------------

      Code (inc. data)   RO Data    RW Data    ZI Data      Debug   Library Member Name

         0          0          0          0          0          0   entry.o
         0          0          0          0          0          0   entry10a.o
         0          0          0          0          0          0   entry11a.o
         4          0          0          0          0          0   entry12b.o
         8          4          0          0          0          0   entry2.o
         4          0          0          0          0          0   entry5.o
         0          0          0          0          0          0   entry7b.o
         0          0          0          0          0          0   entry8b.o
         8          4          0          0          0          0   entry9a.o
        30          0          0          0          0          0   handlers.o
        36          8          0          0          0         68   init.o
         0          0          0          0          0          0   iusefp.o
        30          0          0          0          0         68   llshl.o
        32          0          0          0          0         68   llushr.o
        36          0          0          0          0         68   memcpya.o
        36          0          0          0          0        108   memseta.o
       522         20          0          0          0        336   printf3.o
         0          0          0          4          0          0   stdout.o
        14          0          0          0          0         68   strlen.o
        36          0          0          0          0         80   strstr.o
        44          0          0          0          0         80   uidiv.o
       222          0          0          0          0        100   ddiv.o
       186          0          0          0          0        176   depilogue.o
        50          0          0          0          0         76   dfixui.o
        26          0          0          0          0         76   dfltui.o

    ----------------------------------------------------------------------
      1330         36          0          4          0       1372   Library Totals
         6          0          0          0          0          0   (incl. Padding)

    ----------------------------------------------------------------------

      Code (inc. data)   RO Data    RW Data    ZI Data      Debug   Library Name

       840         36          0          4          0        944   mc_w.l
       484          0          0          0          0        428   mf_w.l

    ----------------------------------------------------------------------
      1330         36          0          4          0       1372   Library Totals

    ----------------------------------------------------------------------

==============================================================================


      Code (inc. data)   RO Data    RW Data    ZI Data      Debug   

     10272        816        412         36       2300     572369   Grand Totals
     10272        816        412         36       2300     572369   ELF Image Totals
     10272        816        412         36          0          0   ROM Totals

==============================================================================

    Total RO  Size (Code + RO Data)                10684 (  10.43kB)
    Total RW  Size (RW Data + ZI Data)              2336 (   2.28kB)
    Total ROM Size (Code + RO Data + RW Data)      10720 (  10.47kB)

==============================================================================

